Archive member included to satisfy reference by file (symbol)

app/libapp.a(main.cpp.obj)    (--whole-archive)
app/libapp.a(motor_task.cpp.obj)
                              (--whole-archive)
app/libapp.a(cmd_task.cpp.obj)
                              (--whole-archive)
app/libapp.a(motor_hw.cpp.obj)
                              (--whole-archive)
app/libapp.a(motor_drv.cpp.obj)
                              (--whole-archive)
app/libapp.a(motor_sm.cpp.obj)
                              (--whole-archive)
app/libapp.a(motor_app.cpp.obj)
                              (--whole-archive)
app/libapp.a(cmd_hw.cpp.obj)  (--whole-archive)
app/libapp.a(cmd_receiver.cpp.obj)
                              (--whole-archive)
app/libapp.a(cmd_transfer.cpp.obj)
                              (--whole-archive)
app/libapp.a(cmd_parser.cpp.obj)
                              (--whole-archive)
zephyr/libzephyr.a(validate_libc.c.obj)
                              (--whole-archive)
zephyr/libzephyr.a(cpp_dtors.c.obj)
                              (--whole-archive)
zephyr/libzephyr.a(cpp_virtual.c.obj)
                              (--whole-archive)
zephyr/libzephyr.a(cpp_vtable.cpp.obj)
                              (--whole-archive)
zephyr/libzephyr.a(cpp_new.cpp.obj)
                              (--whole-archive)
zephyr/libzephyr.a(heap.c.obj)
                              (--whole-archive)
zephyr/libzephyr.a(boot_banner.c.obj)
                              (--whole-archive)
zephyr/libzephyr.a(cbprintf_packaged.c.obj)
                              (--whole-archive)
zephyr/libzephyr.a(clock.c.obj)
                              (--whole-archive)
zephyr/libzephyr.a(printk.c.obj)
                              (--whole-archive)
zephyr/libzephyr.a(cbprintf_complete.c.obj)
                              (--whole-archive)
zephyr/libzephyr.a(assert.c.obj)
                              (--whole-archive)
zephyr/libzephyr.a(dec.c.obj)
                              (--whole-archive)
zephyr/libzephyr.a(hex.c.obj)
                              (--whole-archive)
zephyr/libzephyr.a(rb.c.obj)  (--whole-archive)
zephyr/libzephyr.a(set.c.obj)
                              (--whole-archive)
zephyr/libzephyr.a(timeutil.c.obj)
                              (--whole-archive)
zephyr/libzephyr.a(bitarray.c.obj)
                              (--whole-archive)
zephyr/libzephyr.a(bitmask.c.obj)
                              (--whole-archive)
zephyr/libzephyr.a(getopt.c.obj)
                              (--whole-archive)
zephyr/libzephyr.a(getopt_common.c.obj)
                              (--whole-archive)
zephyr/libzephyr.a(ring_buffer.c.obj)
                              (--whole-archive)
zephyr/libzephyr.a(last_section_id.c.obj)
                              (--whole-archive)
zephyr/libzephyr.a(configs.c.obj)
                              (--whole-archive)
zephyr/libzephyr.a(stm32cube_hal.c.obj)
                              (--whole-archive)
zephyr/libzephyr.a(soc_config.c.obj)
                              (--whole-archive)
zephyr/libzephyr.a(gpioport_mgr.c.obj)
                              (--whole-archive)
zephyr/libzephyr.a(stm32_backup_domain.c.obj)
                              (--whole-archive)
zephyr/libzephyr.a(soc.c.obj)
                              (--whole-archive)
zephyr/libzephyr.a(log_core.c.obj)
                              (--whole-archive)
zephyr/libzephyr.a(log_mgmt.c.obj)
                              (--whole-archive)
zephyr/libzephyr.a(log_cache.c.obj)
                              (--whole-archive)
zephyr/libzephyr.a(log_msg.c.obj)
                              (--whole-archive)
zephyr/libzephyr.a(log_output.c.obj)
                              (--whole-archive)
zephyr/libzephyr.a(log_backend_uart.c.obj)
                              (--whole-archive)
zephyr/libzephyr.a(mem_attr.c.obj)
                              (--whole-archive)
zephyr/libzephyr.a(tracing_none.c.obj)
                              (--whole-archive)
zephyr/libzephyr.a(sem.c.obj)
                              (--whole-archive)
zephyr/libzephyr.a(thread_entry.c.obj)
                              (--whole-archive)
zephyr/arch/common/libarch__common.a(sw_isr_common.c.obj)
                              (--whole-archive)
zephyr/arch/common/libarch__common.a(init.c.obj)
                              (--whole-archive)
zephyr/arch/common/libarch__common.a(xip.c.obj)
                              (--whole-archive)
zephyr/arch/arch/arm/core/libarch__arm__core.a(fatal.c.obj)
                              (--whole-archive)
zephyr/arch/arch/arm/core/libarch__arm__core.a(nmi.c.obj)
                              (--whole-archive)
zephyr/arch/arch/arm/core/libarch__arm__core.a(nmi_on_reset.S.obj)
                              (--whole-archive)
zephyr/arch/arch/arm/core/libarch__arm__core.a(__aeabi_atexit.c.obj)
                              (--whole-archive)
zephyr/arch/arch/arm/core/libarch__arm__core.a(tls.c.obj)
                              (--whole-archive)
[...]
Memory Configuration

Name             Origin             Length             Attributes
FLASH            0x08000000         0x00080000         xr
RAM              0x20000000         0x00020000         xw
SRAM0            0x20000000         0x00020000         rw
DTCM             0x10000000         0x00010000         rw
IDT_LIST         0xffff7fff         0x00008000         xw
*default*        0x00000000         0xffffffff

Linker script and memory map

                0x08009cec                        vfprintf = __l_vfprintf
                0x00000000                        vfscanf = __l_vfscanf
LOAD zephyr/CMakeFiles/zephyr_final.dir/misc/empty_file.c.obj
LOAD zephyr/CMakeFiles/zephyr_final.dir/isr_tables.c.obj
LOAD zephyr/CMakeFiles/offsets.dir/./arch/arm/core/offsets/offsets.c.obj
LOAD app/libapp.a
LOAD zephyr/libzephyr.a
LOAD zephyr/arch/common/libarch__common.a
LOAD zephyr/arch/arch/arm/core/libarch__arm__core.a
LOAD zephyr/arch/arch/arm/core/cortex_m/libarch__arm__core__cortex_m.a
LOAD zephyr/arch/arch/arm/core/mpu/libarch__arm__core__mpu.a
LOAD zephyr/lib/libc/picolibc/liblib__libc__picolibc.a
LOAD zephyr/lib/libc/common/liblib__libc__common.a
LOAD zephyr/subsys/portability/posix/c_lib_ext/libsubsys__portability__posix__c_lib_ext.a
LOAD zephyr/drivers/interrupt_controller/libdrivers__interrupt_controller.a
LOAD zephyr/drivers/clock_control/libdrivers__clock_control.a
LOAD zephyr/drivers/console/libdrivers__console.a
LOAD zephyr/drivers/dma/libdrivers__dma.a
LOAD zephyr/drivers/gpio/libdrivers__gpio.a
LOAD zephyr/drivers/pinctrl/libdrivers__pinctrl.a
LOAD zephyr/drivers/pwm/libdrivers__pwm.a
LOAD zephyr/drivers/reset/libdrivers__reset.a
LOAD zephyr/drivers/serial/libdrivers__serial.a
LOAD zephyr/drivers/timer/libdrivers__timer.a
LOAD modules/hal_stm32/stm32cube/lib..__modules__hal__stm32__stm32cube.a
LOAD zephyr/kernel/libkernel.a
LOAD zephyr/arch/common/libisr_tables.a
LOAD C:/Users/hihi/zephyr-sdk-1.0.1/gnu/arm-zephyr-eabi/bin/../lib/gcc/arm-zephyr-eabi/14.3.0/../../../../arm-zephyr-eabi/lib/thumb/v7e-m/nofp/space\libc.a
LOAD C:/Users/hihi/zephyr-sdk-1.0.1/gnu/arm-zephyr-eabi/bin/../lib/gcc/arm-zephyr-eabi/14.3.0/thumb/v7e-m/nofp/space\libgcc.a
                0x00000020                        _region_min_align = 0x20

.rel.plt        0x08000000        0x0
 *(SORT_BY_ALIGNMENT(.rel.plt))
                [!provide]                        PROVIDE (__rel_iplt_start = .)
 *(SORT_BY_ALIGNMENT(.rel.iplt))
 .rel.iplt      0x08000000        0x0 zephyr/CMakeFiles/zephyr_final.dir/isr_tables.c.obj
                [!provide]                        PROVIDE (__rel_iplt_end = .)

.rela.plt       0x00000000        0x0
 *(SORT_BY_ALIGNMENT(.rela.plt))
                [!provide]                        PROVIDE (__rela_iplt_start = .)
 *(SORT_BY_ALIGNMENT(.rela.iplt))
                [!provide]                        PROVIDE (__rela_iplt_end = .)

.rel.dyn
 *(SORT_BY_ALIGNMENT(.rel.*))

.rela.dyn
 *(SORT_BY_ALIGNMENT(.rela.*))

/DISCARD/
 *(SORT_BY_ALIGNMENT(.plt))

/DISCARD/
 *(SORT_BY_ALIGNMENT(.iplt))
                0x08000000                        __rom_region_start = 0x8000000

rom_start       0x08000000      0x150
                0x08000000                        __rom_start_address = .
 FILL mask 0x00
                0x08000000                        . = (. + (0x0 - (. - __rom_start_address)))
                0x08000000                        . = ALIGN (0x4)
                0x08000000                        . = ALIGN (0x80)
                0x08000000                        . = ALIGN (0x200)
                0x08000000                        _vector_start = .
 *(SORT_BY_ALIGNMENT(.exc_vector_table))
 *(SORT_BY_ALIGNMENT(.exc_vector_table.*))
 .exc_vector_table._vector_table_section
                0x08000000       0x40 zephyr/arch/arch/arm/core/cortex_m/libarch__arm__core__cortex_m.a(vector_table.S.obj)
                0x08000000                _vector_table
 *(SORT_BY_ALIGNMENT(.vectors))
                0x08000150                        _vector_end = .
                0x08000040                        . = ALIGN (0x4)
 *(SORT_BY_ALIGNMENT(.gnu.linkonce.irq_vector_table*))
 .gnu.linkonce.irq_vector_table
                0x08000040      0x110 zephyr/CMakeFiles/zephyr_final.dir/isr_tables.c.obj
                0x08000040                _irq_vector_table
                0x08000150                        _vector_end = .

text            0x08000150     0xba28
                0x08000150                        __text_region_start = .
 *(SORT_BY_ALIGNMENT(.text))
 .text          0x08000150       0x30 C:/Users/hihi/zephyr-sdk-1.0.1/gnu/arm-zephyr-eabi/bin/../lib/gcc/arm-zephyr-eabi/14.3.0/thumb/v7e-m/nofp/space\libgcc.a(_aeabi_uldivmod.o)
                0x08000150                __aeabi_uldivmod
 .text          0x08000180        0x4 C:/Users/hihi/zephyr-sdk-1.0.1/gnu/arm-zephyr-eabi/bin/../lib/gcc/arm-zephyr-eabi/14.3.0/thumb/v7e-m/nofp/space\libgcc.a(_dvmd_tls.o)
                0x08000180                __aeabi_idiv0
                0x08000180                __aeabi_ldiv0
 .text          0x08000184       0x10 C:/Users/hihi/zephyr-sdk-1.0.1/gnu/arm-zephyr-eabi/bin/../lib/gcc/arm-zephyr-eabi/14.3.0/../../../../arm-zephyr-eabi/lib/thumb/v7e-m/nofp/space\libc.a(strlen.S.o)
                0x08000184                strlen
 .text          0x08000194      0x2bc C:/Users/hihi/zephyr-sdk-1.0.1/gnu/arm-zephyr-eabi/bin/../lib/gcc/arm-zephyr-eabi/14.3.0/thumb/v7e-m/nofp/space\libgcc.a(_udivmoddi4.o)
                0x08000194                __udivmoddi4
 *(SORT_BY_ALIGNMENT(.text.*))
 .text.pwm_set  0x08000450      0x130 app/libapp.a(motor_hw.cpp.obj)
 .text.main     0x08000580       0x84 app/libapp.a(main.cpp.obj)
                0x08000580                main
 .text._GLOBAL__sub_I_log_const_main
                0x08000604       0x3c app/libapp.a(main.cpp.obj)
 .text._ZN9MotorTaskC2Ev
                0x08000640       0x64 app/libapp.a(motor_task.cpp.obj)
                0x08000640                MotorTask::MotorTask()
                0x08000640                MotorTask::MotorTask()
 .text._ZN9MotorTask4InitEv
                0x080006a4       0xb8 app/libapp.a(motor_task.cpp.obj)
                0x080006a4                MotorTask::Init()
 .text._ZN9MotorTask15DispatchMessageERK14MotorMessage_t
                0x0800075c       0xb4 app/libapp.a(motor_task.cpp.obj)
                0x0800075c                MotorTask::DispatchMessage(MotorMessage_t const&)
 .text._ZN9MotorTask3RunEv
                0x08000810       0x9c app/libapp.a(motor_task.cpp.obj)
                0x08000810                MotorTask::Run()
 .text.MotorTask_ThreadEntry
                0x080008ac       0x10 app/libapp.a(motor_task.cpp.obj)
                0x080008ac                MotorTask_ThreadEntry
 .text._ZN7CmdTaskC2EP9MotorTask
                0x080008bc       0x80 app/libapp.a(cmd_task.cpp.obj)
                0x080008bc                CmdTask::CmdTask(MotorTask*)
                0x080008bc                CmdTask::CmdTask(MotorTask*)
 .text._ZN7CmdTask4InitEv
                0x0800093c       0x78 app/libapp.a(cmd_task.cpp.obj)
                0x0800093c                CmdTask::Init()
 .text._ZN7CmdTask11HandleFrameEPKhh
                0x080009b4       0xd4 app/libapp.a(cmd_task.cpp.obj)
                0x080009b4                CmdTask::HandleFrame(unsigned char const*, unsigned char)
 .text.CmdTask_ThreadEntry
                0x08000a88       0x10 app/libapp.a(cmd_task.cpp.obj)
                0x08000a88                CmdTask_ThreadEntry
 .text._ZN7MotorHW13AlmIsrHandlerEPK6deviceP13gpio_callbackj
                0x08000a98       0x14 app/libapp.a(motor_hw.cpp.obj)
                0x08000a98                MotorHW::AlmIsrHandler(device const*, gpio_callback*, unsigned int)
 .text.gpio_pin_configure_dt
                0x08000aac      0x150 app/libapp.a(motor_hw.cpp.obj)
 .text._ZN7MotorHW9StopPulseEv
                0x08000bfc       0x4c app/libapp.a(motor_hw.cpp.obj)
                0x08000bfc                MotorHW::StopPulse()
 .text._ZN7MotorHW17SetPulseFrequencyEj
                0x08000c48       0xa0 app/libapp.a(motor_hw.cpp.obj)
                0x08000c48                MotorHW::SetPulseFrequency(unsigned int)
 .text.z_impl_gpio_pin_set.isra.0
                0x08000ce8       0xbc app/libapp.a(motor_hw.cpp.obj)
 .text._ZN7MotorHW12SetDirectionE16MotorDirection_t
                0x08000da4       0x54 app/libapp.a(motor_hw.cpp.obj)
                0x08000da4                MotorHW::SetDirection(MotorDirection_t)
 .text._ZN7MotorHW6EnableEb
                0x08000df8       0x54 app/libapp.a(motor_hw.cpp.obj)
                0x08000df8                MotorHW::Enable(bool)
 .text._ZN7MotorHW11HealthCheckEv
                0x08000e4c       0xf8 app/libapp.a(motor_hw.cpp.obj)
                0x08000e4c                MotorHW::HealthCheck()
 .text._ZN7MotorHW4InitEv
                0x08000f44      0x258 app/libapp.a(motor_hw.cpp.obj)
                0x08000f44                MotorHW::Init()
 .text._ZN8MotorDrv4InitEv
                0x0800119c       0x54 app/libapp.a(motor_drv.cpp.obj)
                0x0800119c                MotorDrv::Init()
 .text._ZN8MotorDrv13EmergencyStopEv
                0x080011f0       0x38 app/libapp.a(motor_drv.cpp.obj)
                0x080011f0                MotorDrv::EmergencyStop()
 .text._ZN8MotorDrv4StopEv
                0x08001228       0x58 app/libapp.a(motor_drv.cpp.obj)
                0x08001228                MotorDrv::Stop()
 .text._ZN8MotorDrv18AccelerateToTargetEj
                0x08001280       0x60 app/libapp.a(motor_drv.cpp.obj)
                0x08001280                MotorDrv::AccelerateToTarget(unsigned int)
 .text._ZN8MotorDrv3RunE16MotorDirection_tj
                0x080012e0       0x88 app/libapp.a(motor_drv.cpp.obj)
                0x080012e0                MotorDrv::Run(MotorDirection_t, unsigned int)
 .text._ZN7MotorSM4InitEv
                0x08001368       0x30 app/libapp.a(motor_sm.cpp.obj)
                0x08001368                MotorSM::Init()
 .text._ZN7MotorSM10StateToStrE12MotorState_t
                0x08001398       0x18 app/libapp.a(motor_sm.cpp.obj)
                0x08001398                MotorSM::StateToStr(MotorState_t)
 .text._ZN7MotorSM12TransitionToE12MotorState_t
                0x080013b0       0x70 app/libapp.a(motor_sm.cpp.obj)
                0x080013b0                MotorSM::TransitionTo(MotorState_t)
 .text._ZN7MotorSM10EventToStrE12MotorEvent_t
                0x08001420       0x18 app/libapp.a(motor_sm.cpp.obj)
                0x08001420                MotorSM::EventToStr(MotorEvent_t)
 .text._ZN7MotorSM10HandleInitE12MotorEvent_tPK14MotorMessage_t
                0x08001438       0x44 app/libapp.a(motor_sm.cpp.obj)
                0x08001438                MotorSM::HandleInit(MotorEvent_t, MotorMessage_t const*)
 .text._ZN7MotorSM11HandleReadyE12MotorEvent_tPK14MotorMessage_t
                0x0800147c       0x5c app/libapp.a(motor_sm.cpp.obj)
                0x0800147c                MotorSM::HandleReady(MotorEvent_t, MotorMessage_t const*)
 .text._ZN7MotorSM13HandleRunningE12MotorEvent_tPK14MotorMessage_t
                0x080014d8       0x70 app/libapp.a(motor_sm.cpp.obj)
                0x080014d8                MotorSM::HandleRunning(MotorEvent_t, MotorMessage_t const*)
 .text._ZN7MotorSM10HandleStopE12MotorEvent_tPK14MotorMessage_t
                0x08001548       0x44 app/libapp.a(motor_sm.cpp.obj)
                0x08001548                MotorSM::HandleStop(MotorEvent_t, MotorMessage_t const*)
 .text._ZN7MotorSM11HandleFaultE12MotorEvent_tPK14MotorMessage_t
                0x0800158c       0x3c app/libapp.a(motor_sm.cpp.obj)
                0x0800158c                MotorSM::HandleFault(MotorEvent_t, MotorMessage_t const*)
 .text._ZN7MotorSM12ProcessEventE12MotorEvent_tPK14MotorMessage_t
                0x080015c8       0xa8 app/libapp.a(motor_sm.cpp.obj)
                0x080015c8                MotorSM::ProcessEvent(MotorEvent_t, MotorMessage_t const*)
 .text._ZN8MotorApp14ResetTelemetryEv
                0x08001670       0x38 app/libapp.a(motor_app.cpp.obj)
                0x08001670                MotorApp::ResetTelemetry()
 .text._ZN8MotorApp14NotifyRunStartEv
                0x080016a8       0x44 app/libapp.a(motor_app.cpp.obj)
                0x080016a8                MotorApp::NotifyRunStart()
 .text._ZN8MotorApp13NotifyRunStopEv
                0x080016ec       0x50 app/libapp.a(motor_app.cpp.obj)
                0x080016ec                MotorApp::NotifyRunStop()
 .text._ZN8MotorApp11CheckFaultsEv
                0x0800173c       0x34 app/libapp.a(motor_app.cpp.obj)
                0x0800173c                MotorApp::CheckFaults()
 .text.z_impl_uart_rx_enable.constprop.0
                0x08001770       0x7c app/libapp.a(cmd_hw.cpp.obj)
 .text._ZN5CmdHW8TransmitEPKhj
                0x080017ec       0xbc app/libapp.a(cmd_hw.cpp.obj)
                0x080017ec                CmdHW::Transmit(unsigned char const*, unsigned int)
 .text._ZN5CmdHW4InitEv
                0x080018a8      0x134 app/libapp.a(cmd_hw.cpp.obj)
                0x080018a8                CmdHW::Init()
 .text._ZN5CmdHW17UartAsyncCallbackEPK6deviceP10uart_eventPv
                0x080019dc       0xfc app/libapp.a(cmd_hw.cpp.obj)
                0x080019dc                CmdHW::UartAsyncCallback(device const*, uart_event*, void*)
 .text._ZN11CmdReceiver4InitEv
                0x08001ad8       0x44 app/libapp.a(cmd_receiver.cpp.obj)
                0x08001ad8                CmdReceiver::Init()
 .text._ZN11CmdReceiver11ProcessByteEh
                0x08001b1c       0xa0 app/libapp.a(cmd_receiver.cpp.obj)
                0x08001b1c                CmdReceiver::ProcessByte(unsigned char)
 .text.z_log_msg_runtime_create.constprop.0
                0x08001bbc       0x28 app/libapp.a(cmd_transfer.cpp.obj)
 .text._ZN11CmdTransfer12BuildAndSendEhhhh
                0x08001be4       0x6c app/libapp.a(cmd_transfer.cpp.obj)
                0x08001be4                CmdTransfer::BuildAndSend(unsigned char, unsigned char, unsigned char, unsigned char)
 .text._ZNK9CmdParser5ParseEPKhhR14MotorMessage_t
                0x08001c50       0xe4 app/libapp.a(cmd_parser.cpp.obj)
                0x08001c50                CmdParser::Parse(unsigned char const*, unsigned char, MotorMessage_t&) const
 .text.free_list_add
                0x08001d34       0x9c zephyr/libzephyr.a(heap.c.obj)
 .text.free_list_remove_bidx
                0x08001dd0       0x88 zephyr/libzephyr.a(heap.c.obj)
 .text.free_chunk_check.isra.0
                0x08001e58       0x60 zephyr/libzephyr.a(heap.c.obj)
 .text.sys_heap_free
                0x08001eb8      0x144 zephyr/libzephyr.a(heap.c.obj)
                0x08001eb8                sys_heap_free
 .text.sys_heap_init
                0x08001ffc      0x124 zephyr/libzephyr.a(heap.c.obj)
                0x08001ffc                sys_heap_init
 .text.boot_banner
                0x08002120       0x10 zephyr/libzephyr.a(boot_banner.c.obj)
 .text.linker_is_in_rodata
                0x08002130       0x54 zephyr/libzephyr.a(cbprintf_packaged.c.obj)
 .text.cbvprintf_package
                0x08002184      0x3b8 zephyr/libzephyr.a(cbprintf_packaged.c.obj)
                0x08002184                cbvprintf_package
 .text.__printk_hook_install
                0x0800253c        0xc zephyr/libzephyr.a(printk.c.obj)
                0x0800253c                __printk_hook_install
 .text.ring_buf_put
                0x08002548       0x64 zephyr/libzephyr.a(ring_buffer.c.obj)
                0x08002548                ring_buf_put
 .text.ring_buf_get
                0x080025ac       0x68 zephyr/libzephyr.a(ring_buffer.c.obj)
                0x080025ac                ring_buf_get
 .text.st_stm32_common_config
                0x08002614       0x14 zephyr/libzephyr.a(soc_config.c.obj)
 .text.stm32_gpioport_init
                0x08002628       0x68 zephyr/libzephyr.a(gpioport_mgr.c.obj)
 .text.stm32_gpioport_get
                0x08002690       0x24 zephyr/libzephyr.a(gpioport_mgr.c.obj)
                0x08002690                stm32_gpioport_get
 .text.soc_early_init_hook
                0x080026b4       0x30 zephyr/libzephyr.a(soc.c.obj)
                0x080026b4                soc_early_init_hook
 .text.log_backend_is_active
                0x080026e4       0x30 zephyr/libzephyr.a(log_core.c.obj)
 .text.log_backend_is_ready
                0x08002714       0x34 zephyr/libzephyr.a(log_core.c.obj)
 .text.z_log_init.isra.0
                0x08002748      0x114 zephyr/libzephyr.a(log_core.c.obj)
 .text.log_format_func_t_get
                0x0800285c        0xc zephyr/libzephyr.a(log_core.c.obj)
                0x0800285c                log_format_func_t_get
 .text.log_set_timestamp_func
                0x08002868       0x20 zephyr/libzephyr.a(log_core.c.obj)
                0x08002868                log_set_timestamp_func
 .text.log_core_init
                0x08002888       0x7c zephyr/libzephyr.a(log_core.c.obj)
                0x08002888                log_core_init
 .text.z_impl_log_panic
                0x08002904       0x6c zephyr/libzephyr.a(log_core.c.obj)
                0x08002904                z_impl_log_panic
 .text.z_log_dropped
                0x08002970       0x30 zephyr/libzephyr.a(log_core.c.obj)
                0x08002970                z_log_dropped
 .text.z_log_msg_commit
                0x080029a0       0x78 zephyr/libzephyr.a(log_core.c.obj)
                0x080029a0                z_log_msg_commit
 .text.log_source_name_get
                0x08002a18       0x1c zephyr/libzephyr.a(log_mgmt.c.obj)
                0x08002a18                log_source_name_get
 .text.z_log_msg_runtime_vcreate
                0x08002a34       0xf0 zephyr/libzephyr.a(log_msg.c.obj)
                0x08002a34                z_log_msg_runtime_vcreate
 .text.log_msg_get_source_id
                0x08002b24       0x18 zephyr/libzephyr.a(log_msg.c.obj)
                0x08002b24                log_msg_get_source_id
 .text.print_formatted
                0x08002b3c       0x24 zephyr/libzephyr.a(log_output.c.obj)
 .text.newline_print
                0x08002b60       0x1c zephyr/libzephyr.a(log_output.c.obj)
 .text.log_output_process
                0x08002b7c      0x2d0 zephyr/libzephyr.a(log_output.c.obj)
                0x08002b7c                log_output_process
 .text.log_output_timestamp_freq_set
                0x08002e4c       0x2c zephyr/libzephyr.a(log_output.c.obj)
                0x08002e4c                log_output_timestamp_freq_set
 .text.char_out
                0x08002e78       0x70 zephyr/libzephyr.a(log_backend_uart.c.obj)
 .text.log_backend_uart_init
                0x08002ee8       0x3c zephyr/libzephyr.a(log_backend_uart.c.obj)
 .text.mem_attr_get_regions
                0x08002f24        0xc zephyr/libzephyr.a(mem_attr.c.obj)
                0x08002f24                mem_attr_get_regions
 .text.z_thread_entry
                0x08002f30       0x6c zephyr/libzephyr.a(thread_entry.c.obj)
                0x08002f30                z_thread_entry
 .text.arch_bss_zero
                0x08002f9c       0x2c zephyr/arch/common/libarch__common.a(init.c.obj)
                0x08002f9c                arch_bss_zero
 .text.arch_data_copy
                0x08002fc8       0x50 zephyr/arch/common/libarch__common.a(xip.c.obj)
                0x08002fc8                arch_data_copy
 .text.z_arm_fatal_error
                0x08003018       0xc4 zephyr/arch/arch/arm/core/libarch__arm__core.a(fatal.c.obj)
                0x08003018                z_arm_fatal_error
 .text.z_SysNmiOnReset
                0x080030dc        0x8 zephyr/arch/arch/arm/core/libarch__arm__core.a(nmi_on_reset.S.obj)
                0x080030dc                z_SysNmiOnReset
 .text.arch_tls_stack_setup
                0x080030e4       0x40 zephyr/arch/arch/arm/core/libarch__arm__core.a(tls.c.obj)
                0x080030e4                arch_tls_stack_setup
 .text.mem_manage_fault
                0x08003124      0x198 zephyr/arch/arch/arm/core/cortex_m/libarch__arm__core__cortex_m.a(fault.c.obj)
 .text.usage_fault.isra.0
                0x080032bc      0x108 zephyr/arch/arch/arm/core/cortex_m/libarch__arm__core__cortex_m.a(fault.c.obj)
 .text.bus_fault.isra.0
                0x080033c4      0x13c zephyr/arch/arch/arm/core/cortex_m/libarch__arm__core__cortex_m.a(fault.c.obj)
 .text.z_arm_fault
                0x08003500      0x288 zephyr/arch/arch/arm/core/cortex_m/libarch__arm__core__cortex_m.a(fault.c.obj)
                0x08003500                z_arm_fault
 .text.z_arm_fault_init
                0x08003788       0x18 zephyr/arch/arch/arm/core/cortex_m/libarch__arm__core__cortex_m.a(fault.c.obj)
                0x08003788                z_arm_fault_init
 .text.__fault  0x080037a0       0x14 zephyr/arch/arch/arm/core/cortex_m/libarch__arm__core__cortex_m.a(fault_s.S.obj)
                0x080037a0                z_arm_usage_fault
                0x080037a0                z_arm_mpu_fault
                0x080037a0                z_arm_exc_spurious
                0x080037a0                z_arm_debug_monitor
                0x080037a0                z_arm_hard_fault
                0x080037a0                z_arm_bus_fault
 .text._reset_section
                0x080037b4       0x34 zephyr/arch/arch/arm/core/cortex_m/libarch__arm__core__cortex_m.a(reset.S.obj)
                0x080037b4                __start
                0x080037b4                z_arm_reset
 .text.z_arm_svc
                0x080037e8       0x24 zephyr/arch/arch/arm/core/cortex_m/libarch__arm__core__cortex_m.a(svc.S.obj)
                0x080037e8                z_arm_svc
 .text.arm_irq_enable
                0x0800380c       0x1c zephyr/arch/arch/arm/core/cortex_m/libarch__arm__core__cortex_m.a(irq_manage.c.obj)
                0x0800380c                arm_irq_enable
 .text.arm_irq_priority_set
                0x08003828       0x68 zephyr/arch/arch/arm/core/cortex_m/libarch__arm__core__cortex_m.a(irq_manage.c.obj)
                0x08003828                arm_irq_priority_set
 .text.relocate_vector_table
                0x08003890       0x1c zephyr/arch/arch/arm/core/cortex_m/libarch__arm__core__cortex_m.a(prep_c.c.obj)
                0x08003890                relocate_vector_table
 .text.z_prep_c
                0x080038ac       0x38 zephyr/arch/arch/arm/core/cortex_m/libarch__arm__core__cortex_m.a(prep_c.c.obj)
                0x080038ac                z_prep_c
 .text.arch_new_thread
                0x080038e4       0x38 zephyr/arch/arch/arm/core/cortex_m/libarch__arm__core__cortex_m.a(thread.c.obj)
                0x080038e4                arch_new_thread
 .text.z_check_thread_stack_fail
                0x0800391c       0x2c zephyr/arch/arch/arm/core/cortex_m/libarch__arm__core__cortex_m.a(thread.c.obj)
                0x0800391c                z_check_thread_stack_fail
 .text.arch_switch_to_main_thread
                0x08003948       0x3c zephyr/arch/arch/arm/core/cortex_m/libarch__arm__core__cortex_m.a(thread.c.obj)
                0x08003948                arch_switch_to_main_thread
 .text.z_arm_cpu_idle_init
                0x08003984        0xc zephyr/arch/arch/arm/core/cortex_m/libarch__arm__core__cortex_m.a(cpu_idle.c.obj)
                0x08003984                z_arm_cpu_idle_init
 .text._HandlerModeExit
                0x08003990       0x20 zephyr/arch/arch/arm/core/cortex_m/libarch__arm__core__cortex_m.a(exc_exit.c.obj)
                0x08003990                z_arm_int_exit
                0x08003990                z_arm_exc_exit
 .text.z_impl_k_thread_abort
                0x080039b0       0x2c zephyr/arch/arch/arm/core/cortex_m/libarch__arm__core__cortex_m.a(thread_abort.c.obj)
                0x080039b0                z_impl_k_thread_abort
 .text.z_arm_pendsv
                0x080039dc       0x60 zephyr/arch/arch/arm/core/cortex_m/libarch__arm__core__cortex_m.a(swap_helper.S.obj)
                0x080039dc                z_arm_pendsv
 .text.z_arm_interrupt_init
                0x08003a3c       0x18 zephyr/arch/arch/arm/core/cortex_m/libarch__arm__core__cortex_m.a(irq_init.c.obj)
                0x08003a3c                z_arm_interrupt_init
 .text._isr_wrapper
                0x08003a54       0x24 zephyr/arch/arch/arm/core/cortex_m/libarch__arm__core__cortex_m.a(isr_wrapper.c.obj)
                0x08003a54                _isr_wrapper
 .text.__aeabi_read_tp
                0x08003a78        0xc zephyr/arch/arch/arm/core/cortex_m/libarch__arm__core__cortex_m.a(__aeabi_read_tp.S.obj)
                0x08003a78                __aeabi_read_tp
 .text.z_arm_configure_static_mpu_regions
                0x08003a84       0x18 zephyr/arch/arch/arm/core/mpu/libarch__arm__core__mpu.a(arm_core_mpu.c.obj)
                0x08003a84                z_arm_configure_static_mpu_regions
 .text.z_arm_configure_dynamic_mpu_regions
                0x08003a9c       0x20 zephyr/arch/arch/arm/core/mpu/libarch__arm__core__mpu.a(arm_core_mpu.c.obj)
                0x08003a9c                z_arm_configure_dynamic_mpu_regions
 .text.region_allocate_and_init
                0x08003abc       0x60 zephyr/arch/arch/arm/core/mpu/libarch__arm__core__mpu.a(arm_mpu.c.obj)
 .text.mpu_configure_regions
                0x08003b1c       0x74 zephyr/arch/arch/arm/core/mpu/libarch__arm__core__mpu.a(arm_mpu.c.obj)
 .text.arm_core_mpu_enable
                0x08003b90       0x18 zephyr/arch/arch/arm/core/mpu/libarch__arm__core__mpu.a(arm_mpu.c.obj)
                0x08003b90                arm_core_mpu_enable
 .text.arm_core_mpu_disable
                0x08003ba8       0x14 zephyr/arch/arch/arm/core/mpu/libarch__arm__core__mpu.a(arm_mpu.c.obj)
                0x08003ba8                arm_core_mpu_disable
 .text.arm_core_mpu_configure_static_mpu_regions
                0x08003bbc       0x4c zephyr/arch/arch/arm/core/mpu/libarch__arm__core__mpu.a(arm_mpu.c.obj)
                0x08003bbc                arm_core_mpu_configure_static_mpu_regions
 .text.arm_core_mpu_configure_dynamic_mpu_regions
                0x08003c08       0x6c zephyr/arch/arch/arm/core/mpu/libarch__arm__core__mpu.a(arm_mpu.c.obj)
                0x08003c08                arm_core_mpu_configure_dynamic_mpu_regions
 .text.z_arm_mpu_init
                0x08003c74      0x250 zephyr/arch/arch/arm/core/mpu/libarch__arm__core__mpu.a(arm_mpu.c.obj)
                0x08003c74                z_arm_mpu_init
 .text.cbvprintf
                0x08003ec4       0x38 zephyr/lib/libc/picolibc/liblib__libc__picolibc.a(cbprintf.c.obj)
                0x08003ec4                cbvprintf
 .text.z_impl_zephyr_fputc
                0x08003efc       0x10 zephyr/lib/libc/picolibc/liblib__libc__picolibc.a(stdio.c.obj)
                0x08003efc                z_impl_zephyr_fputc
 .text.__stdout_hook_install
                0x08003f0c       0x18 zephyr/lib/libc/picolibc/liblib__libc__picolibc.a(stdio.c.obj)
                0x08003f0c                __stdout_hook_install
 .text.malloc_prepare
                0x08003f24       0x24 zephyr/lib/libc/common/liblib__libc__common.a(malloc.c.obj)
 .text.malloc_lock
                0x08003f48       0x38 zephyr/lib/libc/common/liblib__libc__common.a(malloc.c.obj)
 .text.malloc_unlock
                0x08003f80        0xc zephyr/lib/libc/common/liblib__libc__common.a(malloc.c.obj)
 .text.free     0x08003f8c       0x1c zephyr/lib/libc/common/liblib__libc__common.a(malloc.c.obj)
                0x08003f8c                free
 .text.stm32_exti_init
                0x08003fa8       0x70 zephyr/drivers/interrupt_controller/libdrivers__interrupt_controller.a(intc_exti_stm32.c.obj)
 .text.stm32_exti_is_pending
                0x08004018       0x48 zephyr/drivers/interrupt_controller/libdrivers__interrupt_controller.a(intc_exti_stm32.c.obj)
                0x08004018                stm32_exti_is_pending
 .text.stm32_exti_clear_pending
                0x08004060       0x48 zephyr/drivers/interrupt_controller/libdrivers__interrupt_controller.a(intc_exti_stm32.c.obj)
                0x08004060                stm32_exti_clear_pending
 .text.stm32_fill_irq_table
                0x080040a8       0x18 zephyr/drivers/interrupt_controller/libdrivers__interrupt_controller.a(intc_gpio_stm32.c.obj)
 .text.stm32_intc_gpio_isr
                0x080040c0       0x4c zephyr/drivers/interrupt_controller/libdrivers__interrupt_controller.a(intc_gpio_stm32.c.obj)
 .text.ll_exti_line_to_linenum
                0x0800410c       0x58 zephyr/drivers/interrupt_controller/libdrivers__interrupt_controller.a(intc_gpio_stm32.c.obj)
 .text.stm32_gpio_intc_enable_line
                0x08004164       0x24 zephyr/drivers/interrupt_controller/libdrivers__interrupt_controller.a(intc_gpio_stm32.c.obj)
                0x08004164                stm32_gpio_intc_enable_line
 .text.stm32_gpio_intc_disable_line
                0x08004188       0x10 zephyr/drivers/interrupt_controller/libdrivers__interrupt_controller.a(intc_gpio_stm32.c.obj)
                0x08004188                stm32_gpio_intc_disable_line
 .text.stm32_gpio_intc_select_line_trigger
                0x08004198       0x70 zephyr/drivers/interrupt_controller/libdrivers__interrupt_controller.a(intc_gpio_stm32.c.obj)
                0x08004198                stm32_gpio_intc_select_line_trigger
 .text.stm32_gpio_intc_set_irq_callback
                0x08004208       0x38 zephyr/drivers/interrupt_controller/libdrivers__interrupt_controller.a(intc_gpio_stm32.c.obj)
                0x08004208                stm32_gpio_intc_set_irq_callback
 .text.stm32_gpio_intc_remove_irq_callback
                0x08004240       0x1c zephyr/drivers/interrupt_controller/libdrivers__interrupt_controller.a(intc_gpio_stm32.c.obj)
                0x08004240                stm32_gpio_intc_remove_irq_callback
 .text.stm32_exti_get_line_src_port
                0x0800425c       0x30 zephyr/drivers/interrupt_controller/libdrivers__interrupt_controller.a(intc_gpio_stm32.c.obj)
                0x0800425c                stm32_exti_get_line_src_port
 .text.stm32_clock_control_get_subsys_rate
                0x0800428c       0xb8 zephyr/drivers/clock_control/libdrivers__clock_control.a(clock_stm32_ll_common.c.obj)
 .text.enabled_clock
                0x08004344       0x20 zephyr/drivers/clock_control/libdrivers__clock_control.a(clock_stm32_ll_common.c.obj)
                0x08004344                enabled_clock
 .text.stm32_clock_control_init
                0x08004364      0x134 zephyr/drivers/clock_control/libdrivers__clock_control.a(clock_stm32_ll_common.c.obj)
                0x08004364                stm32_clock_control_init
 .text.get_pllsrc_frequency
                0x08004498        0x8 zephyr/drivers/clock_control/libdrivers__clock_control.a(clock_stm32f2_f4_f7.c.obj)
                0x08004498                get_pllsrc_frequency
 .text.config_pll_sysclock
                0x080044a0       0x38 zephyr/drivers/clock_control/libdrivers__clock_control.a(clock_stm32f2_f4_f7.c.obj)
                0x080044a0                config_pll_sysclock
 .text.config_enable_default_clocks
                0x080044d8       0x20 zephyr/drivers/clock_control/libdrivers__clock_control.a(clock_stm32f2_f4_f7.c.obj)
                0x080044d8                config_enable_default_clocks
 .text.z_impl_uart_poll_out.constprop.0
                0x080044f8       0x58 zephyr/drivers/console/libdrivers__console.a(uart_console.c.obj)
 .text.uart_console_init
                0x08004550       0x28 zephyr/drivers/console/libdrivers__console.a(uart_console.c.obj)
 .text.dma_stm32_get_status
                0x08004578       0x44 zephyr/drivers/dma/libdrivers__dma.a(dma_stm32.c.obj)
 .text.dma_stm32_init
                0x080045bc       0xb4 zephyr/drivers/dma/libdrivers__dma.a(dma_stm32.c.obj)
 .text.dma_stm32_configure
                0x08004670      0x484 zephyr/drivers/dma/libdrivers__dma.a(dma_stm32.c.obj)
 .text.dma_stm32_stop
                0x08004af4       0x74 zephyr/drivers/dma/libdrivers__dma.a(dma_stm32.c.obj)
 .text.dma_stm32_irq_handler
                0x08004b68      0x118 zephyr/drivers/dma/libdrivers__dma.a(dma_stm32.c.obj)
 .text.dma_stm32_reload
                0x08004c80       0xf4 zephyr/drivers/dma/libdrivers__dma.a(dma_stm32.c.obj)
 .text.dma_stm32_id_to_stream
                0x08004d74       0x34 zephyr/drivers/dma/libdrivers__dma.a(dma_stm32_v1.c.obj)
                0x08004d74                dma_stm32_id_to_stream
 .text.dma_stm32_slot_to_channel
                0x08004da8       0x34 zephyr/drivers/dma/libdrivers__dma.a(dma_stm32_v1.c.obj)
                0x08004da8                dma_stm32_slot_to_channel
 .text.dma_stm32_clear_ht
                0x08004ddc       0x38 zephyr/drivers/dma/libdrivers__dma.a(dma_stm32_v1.c.obj)
                0x08004ddc                dma_stm32_clear_ht
 .text.dma_stm32_clear_tc
                0x08004e14       0x38 zephyr/drivers/dma/libdrivers__dma.a(dma_stm32_v1.c.obj)
                0x08004e14                dma_stm32_clear_tc
 .text.dma_stm32_is_ht_active
                0x08004e4c       0x3c zephyr/drivers/dma/libdrivers__dma.a(dma_stm32_v1.c.obj)
                0x08004e4c                dma_stm32_is_ht_active
 .text.dma_stm32_is_tc_active
                0x08004e88       0x3c zephyr/drivers/dma/libdrivers__dma.a(dma_stm32_v1.c.obj)
                0x08004e88                dma_stm32_is_tc_active
 .text.dma_stm32_clear_te
                0x08004ec4       0x38 zephyr/drivers/dma/libdrivers__dma.a(dma_stm32_v1.c.obj)
                0x08004ec4                dma_stm32_clear_te
 .text.dma_stm32_clear_dme
                0x08004efc       0x38 zephyr/drivers/dma/libdrivers__dma.a(dma_stm32_v1.c.obj)
                0x08004efc                dma_stm32_clear_dme
 .text.dma_stm32_clear_fe
                0x08004f34       0x38 zephyr/drivers/dma/libdrivers__dma.a(dma_stm32_v1.c.obj)
                0x08004f34                dma_stm32_clear_fe
 .text.dma_stm32_is_te_active
                0x08004f6c       0x3c zephyr/drivers/dma/libdrivers__dma.a(dma_stm32_v1.c.obj)
                0x08004f6c                dma_stm32_is_te_active
 .text.dma_stm32_is_dme_active
                0x08004fa8       0x3c zephyr/drivers/dma/libdrivers__dma.a(dma_stm32_v1.c.obj)
                0x08004fa8                dma_stm32_is_dme_active
 .text.dma_stm32_is_fe_active
                0x08004fe4       0x3c zephyr/drivers/dma/libdrivers__dma.a(dma_stm32_v1.c.obj)
                0x08004fe4                dma_stm32_is_fe_active
 .text.stm32_dma_dump_stream_irq
                0x08005020       0x64 zephyr/drivers/dma/libdrivers__dma.a(dma_stm32_v1.c.obj)
                0x08005020                stm32_dma_dump_stream_irq
 .text.stm32_dma_is_tc_irq_active
                0x08005084       0x2c zephyr/drivers/dma/libdrivers__dma.a(dma_stm32_v1.c.obj)
                0x08005084                stm32_dma_is_tc_irq_active
 .text.stm32_dma_is_ht_irq_active
                0x080050b0       0x2c zephyr/drivers/dma/libdrivers__dma.a(dma_stm32_v1.c.obj)
                0x080050b0                stm32_dma_is_ht_irq_active
 .text.stm32_dma_is_unexpected_irq_happened
                0x080050dc       0x54 zephyr/drivers/dma/libdrivers__dma.a(dma_stm32_v1.c.obj)
                0x080050dc                stm32_dma_is_unexpected_irq_happened
 .text.stm32_dma_enable_stream
                0x08005130       0x1c zephyr/drivers/dma/libdrivers__dma.a(dma_stm32_v1.c.obj)
                0x08005130                stm32_dma_enable_stream
 .text.stm32_dma_is_enabled_stream
                0x0800514c       0x1c zephyr/drivers/dma/libdrivers__dma.a(dma_stm32_v1.c.obj)
                0x0800514c                stm32_dma_is_enabled_stream
 .text.stm32_dma_disable_stream
                0x08005168       0x38 zephyr/drivers/dma/libdrivers__dma.a(dma_stm32_v1.c.obj)
                0x08005168                stm32_dma_disable_stream
 .text.stm32_dma_disable_fifo_irq
                0x080051a0       0x20 zephyr/drivers/dma/libdrivers__dma.a(dma_stm32_v1.c.obj)
                0x080051a0                stm32_dma_disable_fifo_irq
 .text.stm32_dma_get_mburst
                0x080051c0       0x94 zephyr/drivers/dma/libdrivers__dma.a(dma_stm32_v1.c.obj)
                0x080051c0                stm32_dma_get_mburst
 .text.stm32_dma_get_pburst
                0x08005254       0x94 zephyr/drivers/dma/libdrivers__dma.a(dma_stm32_v1.c.obj)
                0x08005254                stm32_dma_get_pburst
 .text.stm32_dma_get_fifo_threshold
                0x080052e8       0x40 zephyr/drivers/dma/libdrivers__dma.a(dma_stm32_v1.c.obj)
                0x080052e8                stm32_dma_get_fifo_threshold
 .text.gpio_stm32_manage_callback
                0x08005328       0xa4 zephyr/drivers/gpio/libdrivers__gpio.a(gpio_stm32.c.obj)
 .text.gpio_stm32_pin_interrupt_configure
                0x080053cc       0xac zephyr/drivers/gpio/libdrivers__gpio.a(gpio_stm32.c.obj)
 .text.gpio_stm32_isr
                0x08005478       0x58 zephyr/drivers/gpio/libdrivers__gpio.a(gpio_stm32.c.obj)
 .text.pwm_stm32_init
                0x080054d0      0x33c zephyr/drivers/pwm/libdrivers__pwm.a(pwm_stm32.c.obj)
 .text.pwm_stm32_set_cycles
                0x0800580c      0x27c zephyr/drivers/pwm/libdrivers__pwm.a(pwm_stm32.c.obj)
 .text.dma_get_status
                0x08005a88       0x7c zephyr/drivers/serial/libdrivers__serial.a(uart_stm32.c.obj)
 .text.dma_start
                0x08005b04       0x74 zephyr/drivers/serial/libdrivers__serial.a(uart_stm32.c.obj)
 .text.dma_config
                0x08005b78       0x74 zephyr/drivers/serial/libdrivers__serial.a(uart_stm32.c.obj)
 .text.uart_stm32_async_rx_enable
                0x08005bec      0x128 zephyr/drivers/serial/libdrivers__serial.a(uart_stm32.c.obj)
 .text.uart_stm32_set_baudrate
                0x08005d14      0x140 zephyr/drivers/serial/libdrivers__serial.a(uart_stm32.c.obj)
 .text.dma_stop.isra.0
                0x08005e54       0x78 zephyr/drivers/serial/libdrivers__serial.a(uart_stm32.c.obj)
 .text.uart_stm32_dma_rx_cb
                0x08005ecc      0x138 zephyr/drivers/serial/libdrivers__serial.a(uart_stm32.c.obj)
                0x08005ecc                uart_stm32_dma_rx_cb
 .text.uart_stm32_parameters_set
                0x08006004      0x100 zephyr/drivers/serial/libdrivers__serial.a(uart_stm32.c.obj)
 .text.uart_stm32_async_tx
                0x08006104      0x110 zephyr/drivers/serial/libdrivers__serial.a(uart_stm32.c.obj)
 .text.uart_stm32_configure
                0x08006214       0xe4 zephyr/drivers/serial/libdrivers__serial.a(uart_stm32.c.obj)
 .text.uart_stm32_init
                0x080062f8      0x31c zephyr/drivers/serial/libdrivers__serial.a(uart_stm32.c.obj)
 .text.elapsed  0x08006614       0x44 zephyr/drivers/timer/libdrivers__timer.a(cortex_m_systick.c.obj)
 .text.sys_clock_driver_init
                0x08006658       0x34 zephyr/drivers/timer/libdrivers__timer.a(cortex_m_systick.c.obj)
 .text.sys_clock_isr
                0x0800668c       0x70 zephyr/drivers/timer/libdrivers__timer.a(cortex_m_systick.c.obj)
                0x0800668c                sys_clock_isr
 .text.sys_clock_set_timeout
                0x080066fc      0x124 zephyr/drivers/timer/libdrivers__timer.a(cortex_m_systick.c.obj)
                0x080066fc                sys_clock_set_timeout
 .text.sys_clock_elapsed
                0x08006820       0x60 zephyr/drivers/timer/libdrivers__timer.a(cortex_m_systick.c.obj)
                0x08006820                sys_clock_elapsed
 .text.sys_clock_cycle_get_32
                0x08006880       0x20 zephyr/drivers/timer/libdrivers__timer.a(cortex_m_systick.c.obj)
                0x08006880                sys_clock_cycle_get_32
 .text.HAL_RCC_GetSysClockFreq
                0x080068a0       0x5c modules/hal_stm32/stm32cube/lib..__modules__hal__stm32__stm32cube.a(stm32f4xx_hal_rcc.c.obj)
                0x080068a0                HAL_RCC_GetSysClockFreq
 .text.LL_DMA_Init
                0x080068fc       0x84 modules/hal_stm32/stm32cube/lib..__modules__hal__stm32__stm32cube.a(stm32f4xx_ll_dma.c.obj)
                0x080068fc                LL_DMA_Init
 .text.LL_SetFlashLatency
                0x08006980       0xcc modules/hal_stm32/stm32cube/lib..__modules__hal__stm32__stm32cube.a(stm32f4xx_ll_utils.c.obj)
                0x08006980                LL_SetFlashLatency
 .text.do_device_init
                0x08006a4c       0x60 zephyr/kernel/libkernel.a(device.c.obj)
                0x08006a4c                do_device_init
 .text.k_sys_fatal_error_handler
                0x08006aac       0x2c zephyr/kernel/libkernel.a(fatal.c.obj)
                0x08006aac                k_sys_fatal_error_handler
 .text.z_fatal_error
                0x08006ad8       0xfc zephyr/kernel/libkernel.a(fatal.c.obj)
                0x08006ad8                z_fatal_error
 .text.z_sys_init_run_level
                0x08006bd4       0x30 zephyr/kernel/libkernel.a(init.c.obj)
 .text.bg_thread_main
                0x08006c04      0x11c zephyr/kernel/libkernel.a(init.c.obj)
 .text.z_init_cpu
                0x08006d20       0x70 zephyr/kernel/libkernel.a(init.c.obj)
                0x08006d20                z_init_cpu
 .text.z_cstart
                0x08006d90      0x110 zephyr/kernel/libkernel.a(init.c.obj)
                0x08006d90                z_cstart
 .text.idle     0x08006ea0       0x48 zephyr/kernel/libkernel.a(idle.c.obj)
                0x08006ea0                idle
 .text.unpend_thread_no_timeout
                0x08006ee8       0x40 zephyr/kernel/libkernel.a(msg_q.c.obj)
 .text.put_msg_in_queue
                0x08006f28      0x198 zephyr/kernel/libkernel.a(msg_q.c.obj)
 .text.k_msgq_init
                0x080070c0       0x60 zephyr/kernel/libkernel.a(msg_q.c.obj)
                0x080070c0                k_msgq_init
 .text.z_impl_k_msgq_get
                0x08007120      0x19c zephyr/kernel/libkernel.a(msg_q.c.obj)
                0x08007120                z_impl_k_msgq_get
 .text.z_impl_k_mutex_lock
                0x080072bc      0x190 zephyr/kernel/libkernel.a(mutex.c.obj)
                0x080072bc                z_impl_k_mutex_lock
 .text.z_impl_k_mutex_unlock
                0x0800744c      0x168 zephyr/kernel/libkernel.a(mutex.c.obj)
                0x0800744c                z_impl_k_mutex_unlock
 .text.z_impl_k_sem_give
                0x080075b4       0xac zephyr/kernel/libkernel.a(sem.c.obj)
                0x080075b4                z_impl_k_sem_give
 .text.unschedule_locked
                0x08007660       0xb0 zephyr/kernel/libkernel.a(work.c.obj)
 .text.work_queue_main
                0x08007710      0x21c zephyr/kernel/libkernel.a(work.c.obj)
 .text.submit_to_queue_locked
                0x0800792c       0xcc zephyr/kernel/libkernel.a(work.c.obj)
 .text.work_timeout
                0x080079f8       0xa8 zephyr/kernel/libkernel.a(work.c.obj)
 .text.k_work_queue_start
                0x08007aa0       0xe0 zephyr/kernel/libkernel.a(work.c.obj)
                0x08007aa0                k_work_queue_start
 .text.k_work_init_delayable
                0x08007b80       0x58 zephyr/kernel/libkernel.a(work.c.obj)
                0x08007b80                k_work_init_delayable
 .text.k_work_reschedule_for_queue
                0x08007bd8      0x10c zephyr/kernel/libkernel.a(work.c.obj)
                0x08007bd8                k_work_reschedule_for_queue
 .text.k_work_reschedule
                0x08007ce4        0xc zephyr/kernel/libkernel.a(work.c.obj)
                0x08007ce4                k_work_reschedule
 .text.k_work_cancel_delayable
                0x08007cf0       0xc0 zephyr/kernel/libkernel.a(work.c.obj)
                0x08007cf0                k_work_cancel_delayable
 .text.z_setup_new_thread
                0x08007db0       0xf4 zephyr/kernel/libkernel.a(thread.c.obj)
                0x08007db0                z_setup_new_thread
 .text.z_dummy_thread_init
                0x08007ea4       0x18 zephyr/kernel/libkernel.a(thread.c.obj)
                0x08007ea4                z_dummy_thread_init
 .text.z_impl_k_wakeup
                0x08007ebc       0xb0 zephyr/kernel/libkernel.a(thread.c.obj)
                0x08007ebc                z_impl_k_wakeup
 .text.z_impl_k_thread_create
                0x08007f6c       0x8c zephyr/kernel/libkernel.a(thread.c.obj)
                0x08007f6c                z_impl_k_thread_create
 .text.z_thread_abort
                0x08007ff8       0xc8 zephyr/kernel/libkernel.a(thread.c.obj)
                0x08007ff8                z_thread_abort
 .text.z_impl_k_yield
                0x080080c0       0x40 zephyr/kernel/libkernel.a(thread.c.obj)
                0x080080c0                z_impl_k_yield
 .text.unready_thread
                0x08008100       0xbc zephyr/kernel/libkernel.a(sched.c.obj)
 .text.z_swap_irqlock
                0x080081bc       0x3c zephyr/kernel/libkernel.a(sched.c.obj)
 .text.reschedule
                0x080081f8       0x8c zephyr/kernel/libkernel.a(sched.c.obj)
 .text.ready_thread
                0x08008284       0xd0 zephyr/kernel/libkernel.a(sched.c.obj)
 .text.unpend_thread_no_timeout
                0x08008354       0x38 zephyr/kernel/libkernel.a(sched.c.obj)
 .text.move_current_to_end_of_prio_q
                0x0800838c       0x6c zephyr/kernel/libkernel.a(sched.c.obj)
                0x0800838c                move_current_to_end_of_prio_q
 .text.z_ready_thread
                0x080083f8       0x8c zephyr/kernel/libkernel.a(sched.c.obj)
                0x080083f8                z_ready_thread
 .text.z_thread_halt
                0x08008484      0x278 zephyr/kernel/libkernel.a(sched.c.obj)
                0x08008484                z_thread_halt
 .text.z_sched_lock_reschedule
                0x080086fc       0x74 zephyr/kernel/libkernel.a(sched.c.obj)
                0x080086fc                z_sched_lock_reschedule
 .text.z_sched_yield
                0x08008770       0xec zephyr/kernel/libkernel.a(sched.c.obj)
                0x08008770                z_sched_yield
 .text.z_thread_timeout
                0x0800885c       0x98 zephyr/kernel/libkernel.a(sched.c.obj)
                0x0800885c                z_thread_timeout
 .text.z_pend_curr
                0x080088f4      0x10c zephyr/kernel/libkernel.a(sched.c.obj)
                0x080088f4                z_pend_curr
 .text.z_thread_prio_set
                0x08008a00      0x1b0 zephyr/kernel/libkernel.a(sched.c.obj)
                0x08008a00                z_thread_prio_set
 .text.z_tick_sleep
                0x08008bb0      0x124 zephyr/kernel/libkernel.a(sleep.c.obj)
 .text.z_impl_k_sleep
                0x08008cd4       0x64 zephyr/kernel/libkernel.a(sleep.c.obj)
                0x08008cd4                z_impl_k_sleep
 .text.z_sched_init
                0x08008d38       0x10 zephyr/kernel/libkernel.a(scheduler.c.obj)
                0x08008d38                z_sched_init
 .text.k_sched_lock
                0x08008d48       0xdc zephyr/kernel/libkernel.a(scheduler.c.obj)
                0x08008d48                k_sched_lock
 .text.k_sched_unlock
                0x08008e24       0xac zephyr/kernel/libkernel.a(scheduler.c.obj)
                0x08008e24                k_sched_unlock
 .text.z_impl_k_sched_current_thread_query
                0x08008ed0        0xc zephyr/kernel/libkernel.a(scheduler.c.obj)
                0x08008ed0                z_impl_k_sched_current_thread_query
 .text.z_sched_waitq_walk
                0x08008edc       0xd8 zephyr/kernel/libkernel.a(scheduler.c.obj)
                0x08008edc                z_sched_waitq_walk
 .text.z_sched_wake
                0x08008fb4       0xf0 zephyr/kernel/libkernel.a(scheduler.c.obj)
                0x08008fb4                z_sched_wake
 .text.z_sched_wait
                0x080090a4       0x24 zephyr/kernel/libkernel.a(scheduler.c.obj)
                0x080090a4                z_sched_wait
 .text.z_time_slice_size
                0x080090c8       0x40 zephyr/kernel/libkernel.a(timeslicing.c.obj)
 .text.slice_timeout
                0x08009108       0x58 zephyr/kernel/libkernel.a(timeslicing.c.obj)
 .text.z_time_slice_reset
                0x08009160       0x44 zephyr/kernel/libkernel.a(timeslicing.c.obj)
                0x08009160                z_time_slice_reset
 .text.z_time_slice
                0x080091a4       0xcc zephyr/kernel/libkernel.a(timeslicing.c.obj)
                0x080091a4                z_time_slice
 .text.z_spin_lock_valid
                0x08009270       0x1c zephyr/kernel/libkernel.a(spinlock_validate.c.obj)
                0x08009270                z_spin_lock_valid
 .text.z_spin_unlock_valid
                0x0800928c       0xa4 zephyr/kernel/libkernel.a(spinlock_validate.c.obj)
                0x0800928c                z_spin_unlock_valid
 .text.z_spin_lock_set_owner
                0x08009330       0x30 zephyr/kernel/libkernel.a(spinlock_validate.c.obj)
                0x08009330                z_spin_lock_set_owner
 .text.z_spin_validate_reset
                0x08009360       0x20 zephyr/kernel/libkernel.a(spinlock_validate.c.obj)
                0x08009360                z_spin_validate_reset
 .text.z_assert_can_swap
                0x08009380       0xf4 zephyr/kernel/libkernel.a(spinlock_validate.c.obj)
                0x08009380                z_assert_can_swap
 .text.first    0x08009474       0x10 zephyr/kernel/libkernel.a(timeout.c.obj)
 .text.elapsed  0x08009484       0x10 zephyr/kernel/libkernel.a(timeout.c.obj)
 .text.z_add_timeout
                0x08009494      0x1c4 zephyr/kernel/libkernel.a(timeout.c.obj)
                0x08009494                z_add_timeout
 .text.z_try_abort_timeout
                0x08009658       0xf0 zephyr/kernel/libkernel.a(timeout.c.obj)
                0x08009658                z_try_abort_timeout
 .text.z_timeout_inflight_superseded
                0x08009748       0x9c zephyr/kernel/libkernel.a(timeout.c.obj)
                0x08009748                z_timeout_inflight_superseded
 .text.sys_clock_announce_locked
                0x080097e4      0x144 zephyr/kernel/libkernel.a(timeout.c.obj)
                0x080097e4                sys_clock_announce_locked
 .text.sys_clock_lock
                0x08009928       0x54 zephyr/kernel/libkernel.a(timeout.c.obj)
                0x08009928                sys_clock_lock
 .text.sys_clock_unlock
                0x0800997c       0x4c zephyr/kernel/libkernel.a(timeout.c.obj)
                0x0800997c                sys_clock_unlock
 .text.sys_clock_tick_get
                0x080099c8       0x9c zephyr/kernel/libkernel.a(timeout.c.obj)
                0x080099c8                sys_clock_tick_get
 .text.k_event_post_internal
                0x08009a64       0x94 zephyr/kernel/libkernel.a(events.c.obj)
 .text.k_event_wait_internal
                0x08009af8      0x144 zephyr/kernel/libkernel.a(events.c.obj)
 .text.z_impl_k_event_init
                0x08009c3c       0x34 zephyr/kernel/libkernel.a(events.c.obj)
                0x08009c3c                z_impl_k_event_init
 .text.statics_init
                0x08009c70       0x50 zephyr/kernel/libkernel.a(kheap.c.obj)
 .text.k_sys_work_q_init
                0x08009cc0       0x2c zephyr/kernel/libkernel.a(system_work_q.c.obj)
 .text.__l_vfprintf
                0x08009cec      0x488 C:/Users/hihi/zephyr-sdk-1.0.1/gnu/arm-zephyr-eabi/bin/../lib/gcc/arm-zephyr-eabi/14.3.0/../../../../arm-zephyr-eabi/lib/thumb/v7e-m/nofp/space\libc.a(libc_tinystdio_vflprintf.c.o)
                0x08009cec                __l_vfprintf
 .text._OffsetAbsSyms
                0x0800a174        0x2 zephyr/CMakeFiles/offsets.dir/./arch/arm/core/offsets/offsets.c.obj
                0x0800a174                _OffsetAbsSyms
 .text._ZN9MotorTaskD2Ev
                0x0800a176        0x2 app/libapp.a(main.cpp.obj)
                0x0800a176                MotorTask::~MotorTask()
                0x0800a176                MotorTask::~MotorTask()
 .text._ZN7CmdTaskD2Ev
                0x0800a178        0x2 app/libapp.a(main.cpp.obj)
                0x0800a178                CmdTask::~CmdTask()
                0x0800a178                CmdTask::~CmdTask()
 .text.z_log_msg_runtime_create.constprop.0
                0x0800a17a       0x1e app/libapp.a(main.cpp.obj)
 .text._ZN9MotorTask13OnStateChangeE12MotorState_tPv
                0x0800a198        0x2 app/libapp.a(motor_task.cpp.obj)
                0x0800a198                MotorTask::OnStateChange(MotorState_t, void*)
 .text.z_log_msg_runtime_create.constprop.0
                0x0800a19a       0x20 app/libapp.a(motor_task.cpp.obj)
 .text._ZN9MotorTask10OnAlarmISREPv
                0x0800a1ba        0xa app/libapp.a(motor_task.cpp.obj)
                0x0800a1ba                MotorTask::OnAlarmISR(void*)
 .text._ZN9MotorTask11PostMessageERK14MotorMessage_t
                0x0800a1c4        0xa app/libapp.a(motor_task.cpp.obj)
                0x0800a1c4                MotorTask::PostMessage(MotorMessage_t const&)
 .text.z_log_msg_runtime_create.constprop.0
                0x0800a1ce       0x20 app/libapp.a(cmd_task.cpp.obj)
 .text._ZN7CmdTask12OnFrameReadyEPKhhPv
                0x0800a1ee       0x1c app/libapp.a(cmd_task.cpp.obj)
                0x0800a1ee                CmdTask::OnFrameReady(unsigned char const*, unsigned char, void*)
 .text._ZN7CmdTask3RunEv
                0x0800a20a       0x28 app/libapp.a(cmd_task.cpp.obj)
                0x0800a20a                CmdTask::Run()
 .text._ZN7MotorHW21RegisterAlarmCallbackEPFvPvES0_
                0x0800a232        0x6 app/libapp.a(motor_hw.cpp.obj)
                0x0800a232                MotorHW::RegisterAlarmCallback(void (*)(void*), void*)
 .text._ZN7MotorHWD2Ev
                0x0800a238        0x2 app/libapp.a(motor_hw.cpp.obj)
                0x0800a238                MotorHW::~MotorHW()
                0x0800a238                MotorHW::~MotorHW()
 .text._ZN7MotorHWD0Ev
                0x0800a23a        0xe app/libapp.a(motor_hw.cpp.obj)
                0x0800a23a                MotorHW::~MotorHW()
 .text.z_log_msg_runtime_create.constprop.0
                0x0800a248       0x20 app/libapp.a(motor_hw.cpp.obj)
 .text.z_log_msg_runtime_create.constprop.0
                0x0800a268       0x20 app/libapp.a(motor_drv.cpp.obj)
 .text.k_msleep.isra.0
                0x0800a288        0xa app/libapp.a(motor_drv.cpp.obj)
 .text._ZN8MotorDrvC2EP8IMotorHW
                0x0800a292        0xe app/libapp.a(motor_drv.cpp.obj)
                0x0800a292                MotorDrv::MotorDrv(IMotorHW*)
                0x0800a292                MotorDrv::MotorDrv(IMotorHW*)
 .text._ZN8MotorDrv21RegisterAlarmCallbackEPFvPvES0_
                0x0800a2a0        0x8 app/libapp.a(motor_drv.cpp.obj)
                0x0800a2a0                MotorDrv::RegisterAlarmCallback(void (*)(void*), void*)
 .text._ZN8MotorDrv11HealthCheckEv
                0x0800a2a8        0x8 app/libapp.a(motor_drv.cpp.obj)
                0x0800a2a8                MotorDrv::HealthCheck()
 .text._ZN8MotorDrv16DecelerateToZeroEv
                0x0800a2b0       0x2c app/libapp.a(motor_drv.cpp.obj)
                0x0800a2b0                MotorDrv::DecelerateToZero()
 .text.z_log_msg_runtime_create.constprop.0
                0x0800a2dc       0x20 app/libapp.a(motor_sm.cpp.obj)
 .text._ZN7MotorSMC2EP8MotorDrv
                0x0800a2fc       0x10 app/libapp.a(motor_sm.cpp.obj)
                0x0800a2fc                MotorSM::MotorSM(MotorDrv*)
                0x0800a2fc                MotorSM::MotorSM(MotorDrv*)
 .text._ZN7MotorSM27RegisterStateChangeCallbackEPFv12MotorState_tPvES1_
                0x0800a30c        0x6 app/libapp.a(motor_sm.cpp.obj)
                0x0800a30c                MotorSM::RegisterStateChangeCallback(void (*)(MotorState_t, void*), void*)
 .text.z_log_msg_runtime_create.constprop.0
                0x0800a312       0x20 app/libapp.a(motor_app.cpp.obj)
 .text._ZN8MotorAppC2EP8MotorDrvP7MotorSM
                0x0800a332       0x10 app/libapp.a(motor_app.cpp.obj)
                0x0800a332                MotorApp::MotorApp(MotorDrv*, MotorSM*)
                0x0800a332                MotorApp::MotorApp(MotorDrv*, MotorSM*)
 .text._ZN8MotorApp11NotifyAlarmEv
                0x0800a342        0xc app/libapp.a(motor_app.cpp.obj)
                0x0800a342                MotorApp::NotifyAlarm()
 .text._ZN5CmdHW18RegisterRxCallbackEPFvhPvES0_
                0x0800a34e        0x6 app/libapp.a(cmd_hw.cpp.obj)
                0x0800a34e                CmdHW::RegisterRxCallback(void (*)(unsigned char, void*), void*)
 .text._ZN5CmdHWD2Ev
                0x0800a354        0x2 app/libapp.a(cmd_hw.cpp.obj)
                0x0800a354                CmdHW::~CmdHW()
                0x0800a354                CmdHW::~CmdHW()
 .text._ZN5CmdHWD0Ev
                0x0800a356       0x10 app/libapp.a(cmd_hw.cpp.obj)
                0x0800a356                CmdHW::~CmdHW()
 .text.z_log_msg_runtime_create.constprop.0
                0x0800a366       0x20 app/libapp.a(cmd_hw.cpp.obj)
 .text._ZN5CmdHW15DrainRingBufferEv
                0x0800a386       0x2c app/libapp.a(cmd_hw.cpp.obj)
                0x0800a386                CmdHW::DrainRingBuffer()
 .text.z_log_msg_runtime_create.constprop.0
                0x0800a3b2       0x20 app/libapp.a(cmd_receiver.cpp.obj)
 .text._ZN11CmdReceiverC2EP6ICmdHW
                0x0800a3d2       0x14 app/libapp.a(cmd_receiver.cpp.obj)
                0x0800a3d2                CmdReceiver::CmdReceiver(ICmdHW*)
                0x0800a3d2                CmdReceiver::CmdReceiver(ICmdHW*)
 .text._ZN11CmdReceiver21RegisterFrameCallbackEPFvPKhhPvES2_
                0x0800a3e6        0x6 app/libapp.a(cmd_receiver.cpp.obj)
                0x0800a3e6                CmdReceiver::RegisterFrameCallback(void (*)(unsigned char const*, unsigned char, void*), void*)
 .text._ZN11CmdReceiver11ValidateCRCEPKhh
                0x0800a3ec       0x18 app/libapp.a(cmd_receiver.cpp.obj)
                0x0800a3ec                CmdReceiver::ValidateCRC(unsigned char const*, unsigned char)
 .text._ZN11CmdReceiver14OnByteReceivedEhPv
                0x0800a404        0xa app/libapp.a(cmd_receiver.cpp.obj)
                0x0800a404                CmdReceiver::OnByteReceived(unsigned char, void*)
 .text._ZN11CmdTransferC2EP6ICmdHW
                0x0800a40e       0x10 app/libapp.a(cmd_transfer.cpp.obj)
                0x0800a40e                CmdTransfer::CmdTransfer(ICmdHW*)
                0x0800a40e                CmdTransfer::CmdTransfer(ICmdHW*)
 .text._ZN11CmdTransfer7SendAckEhh
                0x0800a41e       0x14 app/libapp.a(cmd_transfer.cpp.obj)
                0x0800a41e                CmdTransfer::SendAck(unsigned char, unsigned char)
 .text._ZN11CmdTransfer9SendFaultEhh
                0x0800a432       0x14 app/libapp.a(cmd_transfer.cpp.obj)
                0x0800a432                CmdTransfer::SendFault(unsigned char, unsigned char)
 .text.z_log_msg_runtime_create.constprop.0
                0x0800a446       0x20 app/libapp.a(cmd_parser.cpp.obj)
 .text.__cxa_atexit
                0x0800a466        0x4 zephyr/libzephyr.a(cpp_dtors.c.obj)
                0x0800a466                __cxa_atexit
 .text._ZdlPvj  0x0800a46a        0x4 zephyr/libzephyr.a(cpp_new.cpp.obj)
                0x0800a46a                operator delete(void*, unsigned int)
 .text.chunk_size
                0x0800a46e        0xa zephyr/libzephyr.a(heap.c.obj)
 .text.right_chunk
                0x0800a478        0xa zephyr/libzephyr.a(heap.c.obj)
 .text.z_log_msg_runtime_create.constprop.0
                0x0800a482       0x20 zephyr/libzephyr.a(heap.c.obj)
 .text.free_list_remove
                0x0800a4a2       0x1a zephyr/libzephyr.a(heap.c.obj)
 .text.merge_chunks
                0x0800a4bc       0x2c zephyr/libzephyr.a(heap.c.obj)
 .text.cbpprintf_external
                0x0800a4e8       0x62 zephyr/libzephyr.a(cbprintf_packaged.c.obj)
                0x0800a4e8                cbpprintf_external
 .text.arch_printk_char_out
                0x0800a54a        0x4 zephyr/libzephyr.a(printk.c.obj)
                0x0800a54a                arch_printk_char_out
 .text.vprintk  0x0800a54e        0x4 zephyr/libzephyr.a(printk.c.obj)
                0x0800a54e                vprintk
 .text.printk   0x0800a552       0x1a zephyr/libzephyr.a(printk.c.obj)
                0x0800a552                printk
 .text.assert_post_action
                0x0800a56c       0x12 zephyr/libzephyr.a(assert.c.obj)
                0x0800a56c                assert_post_action
 .text.assert_print
                0x0800a57e       0x1a zephyr/libzephyr.a(assert.c.obj)
                0x0800a57e                assert_print
 .text.ring_buf_area_claim
                0x0800a598       0x30 zephyr/libzephyr.a(ring_buffer.c.obj)
                0x0800a598                ring_buf_area_claim
 .text.ring_buf_put_claim
                0x0800a5c8       0x1e zephyr/libzephyr.a(ring_buffer.c.obj)
 .text.ring_buf_get_claim
                0x0800a5e6       0x1e zephyr/libzephyr.a(ring_buffer.c.obj)
 .text.ring_buf_area_finish
                0x0800a604       0x32 zephyr/libzephyr.a(ring_buffer.c.obj)
                0x0800a604                ring_buf_area_finish
 .text._ConfigAbsSyms
                0x0800a636        0x2 zephyr/libzephyr.a(configs.c.obj)
                0x0800a636                _ConfigAbsSyms
 .text.stm32_gpioport_configure_pin
                0x0800a638      0x12a zephyr/libzephyr.a(gpioport_mgr.c.obj)
                0x0800a638                stm32_gpioport_configure_pin
 .text.dummy_timestamp
                0x0800a762        0x4 zephyr/libzephyr.a(log_core.c.obj)
 .text.default_lf_get_timestamp
                0x0800a766       0x10 zephyr/libzephyr.a(log_core.c.obj)
 .text.atomic_inc
                0x0800a776       0x1a zephyr/libzephyr.a(log_core.c.obj)
 .text.enable_logger
                0x0800a790        0xe zephyr/libzephyr.a(log_core.c.obj)
 .text.z_log_vprintk
                0x0800a79e       0x1c zephyr/libzephyr.a(log_core.c.obj)
                0x0800a79e                z_log_vprintk
 .text.z_log_notify_backend_enabled
                0x0800a7ba        0x2 zephyr/libzephyr.a(log_core.c.obj)
                0x0800a7ba                z_log_notify_backend_enabled
 .text.z_log_get_tag
                0x0800a7bc        0x4 zephyr/libzephyr.a(log_core.c.obj)
                0x0800a7bc                z_log_get_tag
 .text.log_backend_enable
                0x0800a7c0       0x12 zephyr/libzephyr.a(log_mgmt.c.obj)
                0x0800a7c0                log_backend_enable
 .text.z_log_msg_finalize
                0x0800a7d2       0x32 zephyr/libzephyr.a(log_msg.c.obj)
                0x0800a7d2                z_log_msg_finalize
 .text.z_log_msg_runtime_create.constprop.0
                0x0800a804       0x20 zephyr/libzephyr.a(log_msg.c.obj)
 .text.log_output_write
                0x0800a824       0x1c zephyr/libzephyr.a(log_output.c.obj)
 .text.out_func
                0x0800a840       0x1c zephyr/libzephyr.a(log_output.c.obj)
 .text.cr_out_func
                0x0800a85c       0x1c zephyr/libzephyr.a(log_output.c.obj)
 .text.log_output_msg_process
                0x0800a878       0x6c zephyr/libzephyr.a(log_output.c.obj)
                0x0800a878                log_output_msg_process
 .text.format_set
                0x0800a8e4        0xc zephyr/libzephyr.a(log_backend_uart.c.obj)
 .text.panic    0x0800a8f0       0x32 zephyr/libzephyr.a(log_backend_uart.c.obj)
 .text.process  0x0800a922       0x1e zephyr/libzephyr.a(log_backend_uart.c.obj)
 .text.arch_early_memset
                0x0800a940        0x4 zephyr/arch/common/libarch__common.a(init.c.obj)
                0x0800a940                arch_early_memset
 .text.arch_early_memcpy
                0x0800a944        0x4 zephyr/arch/common/libarch__common.a(init.c.obj)
                0x0800a944                arch_early_memcpy
 .text.z_log_msg_runtime_create.constprop.0
                0x0800a948       0x20 zephyr/arch/arch/arm/core/libarch__arm__core.a(fatal.c.obj)
 .text.z_do_kernel_oops
                0x0800a968        0x8 zephyr/arch/arch/arm/core/libarch__arm__core.a(fatal.c.obj)
                0x0800a968                z_do_kernel_oops
 .text.z_arm_nmi
                0x0800a970        0xe zephyr/arch/arch/arm/core/libarch__arm__core.a(nmi.c.obj)
                0x0800a970                z_arm_nmi
 .text.__aeabi_atexit
                0x0800a97e        0xa zephyr/arch/arch/arm/core/libarch__arm__core.a(__aeabi_atexit.c.obj)
                0x0800a97e                __aeabi_atexit
 .text.z_log_msg_runtime_create.constprop.0
                0x0800a988       0x20 zephyr/arch/arch/arm/core/cortex_m/libarch__arm__core__cortex_m.a(fault.c.obj)
 .text.z_irq_spurious
                0x0800a9a8        0x8 zephyr/arch/arch/arm/core/cortex_m/libarch__arm__core__cortex_m.a(irq_manage.c.obj)
                0x0800a9a8                z_irq_spurious
 .text.arch_coprocessors_disable
                0x0800a9b0        0x6 zephyr/arch/arch/arm/core/cortex_m/libarch__arm__core__cortex_m.a(thread.c.obj)
                0x0800a9b0                arch_coprocessors_disable
 .text.arch_irq_unlock_outlined
                0x0800a9b6        0xe zephyr/arch/arch/arm/core/cortex_m/libarch__arm__core__cortex_m.a(thread.c.obj)
                0x0800a9b6                arch_irq_unlock_outlined
 .text.arch_cpu_idle
                0x0800a9c4       0x1a zephyr/arch/arch/arm/core/cortex_m/libarch__arm__core__cortex_m.a(cpu_idle.c.obj)
                0x0800a9c4                arch_cpu_idle
 .text.size_to_mpu_rasr_size
                0x0800a9de       0x20 zephyr/arch/arch/arm/core/mpu/libarch__arm__core__mpu.a(arm_mpu.c.obj)
 .text.z_log_msg_runtime_create.constprop.0
                0x0800a9fe       0x20 zephyr/arch/arch/arm/core/mpu/libarch__arm__core__mpu.a(arm_mpu.c.obj)
 .text.cbputc   0x0800aa1e        0xc zephyr/lib/libc/picolibc/liblib__libc__picolibc.a(cbprintf.c.obj)
 .text.picolibc_put
                0x0800aa2a        0xa zephyr/lib/libc/picolibc/liblib__libc__picolibc.a(stdio.c.obj)
 .text.z_log_msg_runtime_create.constprop.0
                0x0800aa34       0x20 zephyr/drivers/interrupt_controller/libdrivers__interrupt_controller.a(intc_exti_stm32.c.obj)
 .text.stm32_exti_gpio_intc_init
                0x0800aa54       0x92 zephyr/drivers/interrupt_controller/libdrivers__interrupt_controller.a(intc_gpio_stm32.c.obj)
 .text.stm32_gpio_intc_get_pin_irq_line
                0x0800aae6        0xa zephyr/drivers/interrupt_controller/libdrivers__interrupt_controller.a(intc_gpio_stm32.c.obj)
                0x0800aae6                stm32_gpio_intc_get_pin_irq_line
 .text.stm32_exti_set_line_src_port
                0x0800aaf0       0x36 zephyr/drivers/interrupt_controller/libdrivers__interrupt_controller.a(intc_gpio_stm32.c.obj)
                0x0800aaf0                stm32_exti_set_line_src_port
 .text.stm32_clock_control_on
                0x0800ab26       0x44 zephyr/drivers/clock_control/libdrivers__clock_control.a(clock_stm32_ll_common.c.obj)
 .text.stm32_clock_control_off
                0x0800ab6a       0x2c zephyr/drivers/clock_control/libdrivers__clock_control.a(clock_stm32_ll_common.c.obj)
 .text.stm32_clock_control_configure
                0x0800ab96       0x46 zephyr/drivers/clock_control/libdrivers__clock_control.a(clock_stm32_ll_common.c.obj)
 .text.stm32_clock_control_get_status
                0x0800abdc       0x38 zephyr/drivers/clock_control/libdrivers__clock_control.a(clock_stm32_ll_common.c.obj)
 .text.config_regulator_voltage
                0x0800ac14        0x2 zephyr/drivers/clock_control/libdrivers__clock_control.a(clock_stm32_ll_common.c.obj)
                0x0800ac14                config_regulator_voltage
 .text.console_out
                0x0800ac16       0x18 zephyr/drivers/console/libdrivers__console.a(uart_console.c.obj)
 .text.dma_stm32_config_irq_0
                0x0800ac2e       0x86 zephyr/drivers/dma/libdrivers__dma.a(dma_stm32.c.obj)
 .text.z_log_msg_runtime_create.constprop.0
                0x0800acb4       0x1e zephyr/drivers/dma/libdrivers__dma.a(dma_stm32.c.obj)
 .text.dma_stm32_disable_stream
                0x0800acd2       0x28 zephyr/drivers/dma/libdrivers__dma.a(dma_stm32.c.obj)
 .text.dma_stm32_clear_stream_irq.isra.0
                0x0800acfa       0x20 zephyr/drivers/dma/libdrivers__dma.a(dma_stm32.c.obj)
 .text.dma_stm32_start
                0x0800ad1a       0x3e zephyr/drivers/dma/libdrivers__dma.a(dma_stm32.c.obj)
 .text.dma_stm32_irq_0_0
                0x0800ad58        0x6 zephyr/drivers/dma/libdrivers__dma.a(dma_stm32.c.obj)
 .text.dma_stm32_irq_0_1
                0x0800ad5e        0x6 zephyr/drivers/dma/libdrivers__dma.a(dma_stm32.c.obj)
 .text.dma_stm32_irq_0_2
                0x0800ad64        0x6 zephyr/drivers/dma/libdrivers__dma.a(dma_stm32.c.obj)
 .text.dma_stm32_irq_0_3
                0x0800ad6a        0x6 zephyr/drivers/dma/libdrivers__dma.a(dma_stm32.c.obj)
 .text.dma_stm32_irq_0_4
                0x0800ad70        0x6 zephyr/drivers/dma/libdrivers__dma.a(dma_stm32.c.obj)
 .text.dma_stm32_irq_0_5
                0x0800ad76        0x6 zephyr/drivers/dma/libdrivers__dma.a(dma_stm32.c.obj)
 .text.dma_stm32_irq_0_6
                0x0800ad7c        0x6 zephyr/drivers/dma/libdrivers__dma.a(dma_stm32.c.obj)
 .text.dma_stm32_irq_0_7
                0x0800ad82        0x6 zephyr/drivers/dma/libdrivers__dma.a(dma_stm32.c.obj)
 .text.LL_DMA_IsActiveFlag_HT0
                0x0800ad88        0x8 zephyr/drivers/dma/libdrivers__dma.a(dma_stm32_v1.c.obj)
 .text.LL_DMA_IsActiveFlag_HT1
                0x0800ad90        0x8 zephyr/drivers/dma/libdrivers__dma.a(dma_stm32_v1.c.obj)
 .text.LL_DMA_IsActiveFlag_HT2
                0x0800ad98        0x8 zephyr/drivers/dma/libdrivers__dma.a(dma_stm32_v1.c.obj)
 .text.LL_DMA_IsActiveFlag_HT3
                0x0800ada0        0x8 zephyr/drivers/dma/libdrivers__dma.a(dma_stm32_v1.c.obj)
 .text.LL_DMA_IsActiveFlag_HT4
                0x0800ada8        0x8 zephyr/drivers/dma/libdrivers__dma.a(dma_stm32_v1.c.obj)
 .text.LL_DMA_IsActiveFlag_HT5
                0x0800adb0        0x8 zephyr/drivers/dma/libdrivers__dma.a(dma_stm32_v1.c.obj)
 .text.LL_DMA_IsActiveFlag_HT6
                0x0800adb8        0x8 zephyr/drivers/dma/libdrivers__dma.a(dma_stm32_v1.c.obj)
 .text.LL_DMA_IsActiveFlag_HT7
                0x0800adc0        0x8 zephyr/drivers/dma/libdrivers__dma.a(dma_stm32_v1.c.obj)
 .text.LL_DMA_IsActiveFlag_TC0
                0x0800adc8        0x8 zephyr/drivers/dma/libdrivers__dma.a(dma_stm32_v1.c.obj)
 .text.LL_DMA_IsActiveFlag_TC1
                0x0800add0        0x8 zephyr/drivers/dma/libdrivers__dma.a(dma_stm32_v1.c.obj)
 .text.LL_DMA_IsActiveFlag_TC2
                0x0800add8        0x8 zephyr/drivers/dma/libdrivers__dma.a(dma_stm32_v1.c.obj)
 .text.LL_DMA_IsActiveFlag_TC3
                0x0800ade0        0x8 zephyr/drivers/dma/libdrivers__dma.a(dma_stm32_v1.c.obj)
 .text.LL_DMA_IsActiveFlag_TC4
                0x0800ade8        0x8 zephyr/drivers/dma/libdrivers__dma.a(dma_stm32_v1.c.obj)
 .text.LL_DMA_IsActiveFlag_TC5
                0x0800adf0        0x8 zephyr/drivers/dma/libdrivers__dma.a(dma_stm32_v1.c.obj)
 .text.LL_DMA_IsActiveFlag_TC6
                0x0800adf8        0x8 zephyr/drivers/dma/libdrivers__dma.a(dma_stm32_v1.c.obj)
 .text.LL_DMA_IsActiveFlag_TC7
                0x0800ae00        0x8 zephyr/drivers/dma/libdrivers__dma.a(dma_stm32_v1.c.obj)
 .text.LL_DMA_IsActiveFlag_TE0
                0x0800ae08        0x8 zephyr/drivers/dma/libdrivers__dma.a(dma_stm32_v1.c.obj)
 .text.LL_DMA_IsActiveFlag_TE1
                0x0800ae10        0x8 zephyr/drivers/dma/libdrivers__dma.a(dma_stm32_v1.c.obj)
 .text.LL_DMA_IsActiveFlag_TE2
                0x0800ae18        0x8 zephyr/drivers/dma/libdrivers__dma.a(dma_stm32_v1.c.obj)
 .text.LL_DMA_IsActiveFlag_TE3
                0x0800ae20        0x8 zephyr/drivers/dma/libdrivers__dma.a(dma_stm32_v1.c.obj)
 .text.LL_DMA_IsActiveFlag_TE4
                0x0800ae28        0x8 zephyr/drivers/dma/libdrivers__dma.a(dma_stm32_v1.c.obj)
 .text.LL_DMA_IsActiveFlag_TE5
                0x0800ae30        0x8 zephyr/drivers/dma/libdrivers__dma.a(dma_stm32_v1.c.obj)
 .text.LL_DMA_IsActiveFlag_TE6
                0x0800ae38        0x8 zephyr/drivers/dma/libdrivers__dma.a(dma_stm32_v1.c.obj)
 .text.LL_DMA_IsActiveFlag_TE7
                0x0800ae40        0x8 zephyr/drivers/dma/libdrivers__dma.a(dma_stm32_v1.c.obj)
 .text.LL_DMA_IsActiveFlag_DME0
                0x0800ae48        0x8 zephyr/drivers/dma/libdrivers__dma.a(dma_stm32_v1.c.obj)
 .text.LL_DMA_IsActiveFlag_DME1
                0x0800ae50        0x8 zephyr/drivers/dma/libdrivers__dma.a(dma_stm32_v1.c.obj)
 .text.LL_DMA_IsActiveFlag_DME2
                0x0800ae58        0x8 zephyr/drivers/dma/libdrivers__dma.a(dma_stm32_v1.c.obj)
 .text.LL_DMA_IsActiveFlag_DME3
                0x0800ae60        0x8 zephyr/drivers/dma/libdrivers__dma.a(dma_stm32_v1.c.obj)
 .text.LL_DMA_IsActiveFlag_DME4
                0x0800ae68        0x8 zephyr/drivers/dma/libdrivers__dma.a(dma_stm32_v1.c.obj)
 .text.LL_DMA_IsActiveFlag_DME5
                0x0800ae70        0x8 zephyr/drivers/dma/libdrivers__dma.a(dma_stm32_v1.c.obj)
 .text.LL_DMA_IsActiveFlag_DME6
                0x0800ae78        0x8 zephyr/drivers/dma/libdrivers__dma.a(dma_stm32_v1.c.obj)
 .text.LL_DMA_IsActiveFlag_DME7
                0x0800ae80        0x8 zephyr/drivers/dma/libdrivers__dma.a(dma_stm32_v1.c.obj)
 .text.LL_DMA_IsActiveFlag_FE0
                0x0800ae88        0x8 zephyr/drivers/dma/libdrivers__dma.a(dma_stm32_v1.c.obj)
 .text.LL_DMA_IsActiveFlag_FE1
                0x0800ae90        0x8 zephyr/drivers/dma/libdrivers__dma.a(dma_stm32_v1.c.obj)
 .text.LL_DMA_IsActiveFlag_FE2
                0x0800ae98        0x8 zephyr/drivers/dma/libdrivers__dma.a(dma_stm32_v1.c.obj)
 .text.LL_DMA_IsActiveFlag_FE3
                0x0800aea0        0x8 zephyr/drivers/dma/libdrivers__dma.a(dma_stm32_v1.c.obj)
 .text.LL_DMA_IsActiveFlag_FE4
                0x0800aea8        0x8 zephyr/drivers/dma/libdrivers__dma.a(dma_stm32_v1.c.obj)
 .text.LL_DMA_IsActiveFlag_FE5
                0x0800aeb0        0x8 zephyr/drivers/dma/libdrivers__dma.a(dma_stm32_v1.c.obj)
 .text.LL_DMA_IsActiveFlag_FE6
                0x0800aeb8        0x8 zephyr/drivers/dma/libdrivers__dma.a(dma_stm32_v1.c.obj)
 .text.LL_DMA_IsActiveFlag_FE7
                0x0800aec0        0x8 zephyr/drivers/dma/libdrivers__dma.a(dma_stm32_v1.c.obj)
 .text.LL_DMA_ClearFlag_HT0
                0x0800aec8        0x6 zephyr/drivers/dma/libdrivers__dma.a(dma_stm32_v1.c.obj)
 .text.LL_DMA_ClearFlag_HT1
                0x0800aece        0x8 zephyr/drivers/dma/libdrivers__dma.a(dma_stm32_v1.c.obj)
 .text.LL_DMA_ClearFlag_HT2
                0x0800aed6        0x8 zephyr/drivers/dma/libdrivers__dma.a(dma_stm32_v1.c.obj)
 .text.LL_DMA_ClearFlag_HT3
                0x0800aede        0x8 zephyr/drivers/dma/libdrivers__dma.a(dma_stm32_v1.c.obj)
 .text.LL_DMA_ClearFlag_HT4
                0x0800aee6        0x6 zephyr/drivers/dma/libdrivers__dma.a(dma_stm32_v1.c.obj)
 .text.LL_DMA_ClearFlag_HT5
                0x0800aeec        0x8 zephyr/drivers/dma/libdrivers__dma.a(dma_stm32_v1.c.obj)
 .text.LL_DMA_ClearFlag_HT6
                0x0800aef4        0x8 zephyr/drivers/dma/libdrivers__dma.a(dma_stm32_v1.c.obj)
 .text.LL_DMA_ClearFlag_HT7
                0x0800aefc        0x8 zephyr/drivers/dma/libdrivers__dma.a(dma_stm32_v1.c.obj)
 .text.LL_DMA_ClearFlag_TC0
                0x0800af04        0x6 zephyr/drivers/dma/libdrivers__dma.a(dma_stm32_v1.c.obj)
 .text.LL_DMA_ClearFlag_TC1
                0x0800af0a        0x8 zephyr/drivers/dma/libdrivers__dma.a(dma_stm32_v1.c.obj)
 .text.LL_DMA_ClearFlag_TC2
                0x0800af12        0x8 zephyr/drivers/dma/libdrivers__dma.a(dma_stm32_v1.c.obj)
 .text.LL_DMA_ClearFlag_TC3
                0x0800af1a        0x8 zephyr/drivers/dma/libdrivers__dma.a(dma_stm32_v1.c.obj)
 .text.LL_DMA_ClearFlag_TC4
                0x0800af22        0x6 zephyr/drivers/dma/libdrivers__dma.a(dma_stm32_v1.c.obj)
 .text.LL_DMA_ClearFlag_TC5
                0x0800af28        0x8 zephyr/drivers/dma/libdrivers__dma.a(dma_stm32_v1.c.obj)
 .text.LL_DMA_ClearFlag_TC6
                0x0800af30        0x8 zephyr/drivers/dma/libdrivers__dma.a(dma_stm32_v1.c.obj)
 .text.LL_DMA_ClearFlag_TC7
                0x0800af38        0x8 zephyr/drivers/dma/libdrivers__dma.a(dma_stm32_v1.c.obj)
 .text.LL_DMA_ClearFlag_TE0
                0x0800af40        0x6 zephyr/drivers/dma/libdrivers__dma.a(dma_stm32_v1.c.obj)
 .text.LL_DMA_ClearFlag_TE1
                0x0800af46        0x8 zephyr/drivers/dma/libdrivers__dma.a(dma_stm32_v1.c.obj)
 .text.LL_DMA_ClearFlag_TE2
                0x0800af4e        0x8 zephyr/drivers/dma/libdrivers__dma.a(dma_stm32_v1.c.obj)
 .text.LL_DMA_ClearFlag_TE3
                0x0800af56        0x8 zephyr/drivers/dma/libdrivers__dma.a(dma_stm32_v1.c.obj)
 .text.LL_DMA_ClearFlag_TE4
                0x0800af5e        0x6 zephyr/drivers/dma/libdrivers__dma.a(dma_stm32_v1.c.obj)
 .text.LL_DMA_ClearFlag_TE5
                0x0800af64        0x8 zephyr/drivers/dma/libdrivers__dma.a(dma_stm32_v1.c.obj)
 .text.LL_DMA_ClearFlag_TE6
                0x0800af6c        0x8 zephyr/drivers/dma/libdrivers__dma.a(dma_stm32_v1.c.obj)
 .text.LL_DMA_ClearFlag_TE7
                0x0800af74        0x8 zephyr/drivers/dma/libdrivers__dma.a(dma_stm32_v1.c.obj)
 .text.LL_DMA_ClearFlag_DME0
                0x0800af7c        0x6 zephyr/drivers/dma/libdrivers__dma.a(dma_stm32_v1.c.obj)
 .text.LL_DMA_ClearFlag_DME1
                0x0800af82        0x8 zephyr/drivers/dma/libdrivers__dma.a(dma_stm32_v1.c.obj)
 .text.LL_DMA_ClearFlag_DME2
                0x0800af8a        0x8 zephyr/drivers/dma/libdrivers__dma.a(dma_stm32_v1.c.obj)
 .text.LL_DMA_ClearFlag_DME3
                0x0800af92        0x8 zephyr/drivers/dma/libdrivers__dma.a(dma_stm32_v1.c.obj)
 .text.LL_DMA_ClearFlag_DME4
                0x0800af9a        0x6 zephyr/drivers/dma/libdrivers__dma.a(dma_stm32_v1.c.obj)
 .text.LL_DMA_ClearFlag_DME5
                0x0800afa0        0x8 zephyr/drivers/dma/libdrivers__dma.a(dma_stm32_v1.c.obj)
 .text.LL_DMA_ClearFlag_DME6
                0x0800afa8        0x8 zephyr/drivers/dma/libdrivers__dma.a(dma_stm32_v1.c.obj)
 .text.LL_DMA_ClearFlag_DME7
                0x0800afb0        0x8 zephyr/drivers/dma/libdrivers__dma.a(dma_stm32_v1.c.obj)
 .text.LL_DMA_ClearFlag_FE0
                0x0800afb8        0x6 zephyr/drivers/dma/libdrivers__dma.a(dma_stm32_v1.c.obj)
 .text.LL_DMA_ClearFlag_FE1
                0x0800afbe        0x6 zephyr/drivers/dma/libdrivers__dma.a(dma_stm32_v1.c.obj)
 .text.LL_DMA_ClearFlag_FE2
                0x0800afc4        0x8 zephyr/drivers/dma/libdrivers__dma.a(dma_stm32_v1.c.obj)
 .text.LL_DMA_ClearFlag_FE3
                0x0800afcc        0x8 zephyr/drivers/dma/libdrivers__dma.a(dma_stm32_v1.c.obj)
 .text.LL_DMA_ClearFlag_FE4
                0x0800afd4        0x6 zephyr/drivers/dma/libdrivers__dma.a(dma_stm32_v1.c.obj)
 .text.LL_DMA_ClearFlag_FE5
                0x0800afda        0x6 zephyr/drivers/dma/libdrivers__dma.a(dma_stm32_v1.c.obj)
 .text.LL_DMA_ClearFlag_FE6
                0x0800afe0        0x8 zephyr/drivers/dma/libdrivers__dma.a(dma_stm32_v1.c.obj)
 .text.LL_DMA_ClearFlag_FE7
                0x0800afe8        0x8 zephyr/drivers/dma/libdrivers__dma.a(dma_stm32_v1.c.obj)
 .text.z_log_msg_runtime_create.constprop.0
                0x0800aff0       0x1e zephyr/drivers/dma/libdrivers__dma.a(dma_stm32_v1.c.obj)
 .text.stm32_dma_clear_stream_irq
                0x0800b00e       0x1e zephyr/drivers/dma/libdrivers__dma.a(dma_stm32_v1.c.obj)
                0x0800b00e                stm32_dma_clear_stream_irq
 .text.stm32_dma_check_fifo_mburst
                0x0800b02c       0x5c zephyr/drivers/dma/libdrivers__dma.a(dma_stm32_v1.c.obj)
                0x0800b02c                stm32_dma_check_fifo_mburst
 .text.gpio_stm32_port_get_raw
                0x0800b088        0xc zephyr/drivers/gpio/libdrivers__gpio.a(gpio_stm32.c.obj)
 .text.gpio_stm32_port_set_masked_raw
                0x0800b094       0x12 zephyr/drivers/gpio/libdrivers__gpio.a(gpio_stm32.c.obj)
 .text.gpio_stm32_port_set_bits_raw
                0x0800b0a6        0xa zephyr/drivers/gpio/libdrivers__gpio.a(gpio_stm32.c.obj)
 .text.gpio_stm32_port_clear_bits_raw
                0x0800b0b0        0xc zephyr/drivers/gpio/libdrivers__gpio.a(gpio_stm32.c.obj)
 .text.gpio_stm32_port_toggle_bits
                0x0800b0bc        0xe zephyr/drivers/gpio/libdrivers__gpio.a(gpio_stm32.c.obj)
 .text.gpio_stm32_config
                0x0800b0ca       0x96 zephyr/drivers/gpio/libdrivers__gpio.a(gpio_stm32.c.obj)
 .text.pinctrl_lookup_state
                0x0800b160       0x26 zephyr/drivers/pinctrl/libdrivers__pinctrl.a(common.c.obj)
                0x0800b160                pinctrl_lookup_state
 .text.pinctrl_configure_pins
                0x0800b186       0x38 zephyr/drivers/pinctrl/libdrivers__pinctrl.a(pinctrl_stm32.c.obj)
                0x0800b186                pinctrl_configure_pins
 .text.LL_TIM_OC_SetCompareCH1
                0x0800b1be        0x4 zephyr/drivers/pwm/libdrivers__pwm.a(pwm_stm32.c.obj)
 .text.LL_TIM_OC_SetCompareCH2
                0x0800b1c2        0x4 zephyr/drivers/pwm/libdrivers__pwm.a(pwm_stm32.c.obj)
 .text.LL_TIM_OC_SetCompareCH3
                0x0800b1c6        0x4 zephyr/drivers/pwm/libdrivers__pwm.a(pwm_stm32.c.obj)
 .text.LL_TIM_OC_SetCompareCH4
                0x0800b1ca        0x4 zephyr/drivers/pwm/libdrivers__pwm.a(pwm_stm32.c.obj)
 .text.pwm_stm32_get_cycles_per_sec
                0x0800b1ce       0x16 zephyr/drivers/pwm/libdrivers__pwm.a(pwm_stm32.c.obj)
 .text.z_log_msg_runtime_create.constprop.0
                0x0800b1e4       0x20 zephyr/drivers/pwm/libdrivers__pwm.a(pwm_stm32.c.obj)
 .text.reset_stm32_status
                0x0800b204       0x20 zephyr/drivers/reset/libdrivers__reset.a(reset_stm32.c.obj)
 .text.reset_stm32_line_assert
                0x0800b224       0x1c zephyr/drivers/reset/libdrivers__reset.a(reset_stm32.c.obj)
 .text.reset_stm32_line_deassert
                0x0800b240       0x1e zephyr/drivers/reset/libdrivers__reset.a(reset_stm32.c.obj)
 .text.reset_stm32_line_toggle
                0x0800b25e       0x16 zephyr/drivers/reset/libdrivers__reset.a(reset_stm32.c.obj)
 .text.LL_USART_ClearFlag_PE
                0x0800b274       0x12 zephyr/drivers/serial/libdrivers__serial.a(uart_stm32.c.obj)
 .text.uart_stm32_err_check
                0x0800b286       0x5e zephyr/drivers/serial/libdrivers__serial.a(uart_stm32.c.obj)
 .text.async_user_callback
                0x0800b2e4        0xc zephyr/drivers/serial/libdrivers__serial.a(uart_stm32.c.obj)
 .text.async_evt_rx_rdy
                0x0800b2f0       0x3c zephyr/drivers/serial/libdrivers__serial.a(uart_stm32.c.obj)
 .text.async_evt_rx_buf_request
                0x0800b32c       0x22 zephyr/drivers/serial/libdrivers__serial.a(uart_stm32.c.obj)
 .text.async_evt_rx_buf_release
                0x0800b34e       0x26 zephyr/drivers/serial/libdrivers__serial.a(uart_stm32.c.obj)
 .text.uart_stm32_async_callback_set
                0x0800b374        0xa zephyr/drivers/serial/libdrivers__serial.a(uart_stm32.c.obj)
 .text.uart_stm32_async_rx_buf_rsp
                0x0800b37e       0x38 zephyr/drivers/serial/libdrivers__serial.a(uart_stm32.c.obj)
 .text.uart_stm32_irq_config_func_0
                0x0800b3b6       0x16 zephyr/drivers/serial/libdrivers__serial.a(uart_stm32.c.obj)
 .text.uart_stm32_irq_config_func_1
                0x0800b3cc       0x16 zephyr/drivers/serial/libdrivers__serial.a(uart_stm32.c.obj)
 .text.z_log_msg_runtime_create.constprop.0
                0x0800b3e2       0x1e zephyr/drivers/serial/libdrivers__serial.a(uart_stm32.c.obj)
 .text.uart_stm32_dma_rx_flush.isra.0
                0x0800b400       0x7c zephyr/drivers/serial/libdrivers__serial.a(uart_stm32.c.obj)
 .text.uart_stm32_isr
                0x0800b47c       0xca zephyr/drivers/serial/libdrivers__serial.a(uart_stm32.c.obj)
 .text.uart_stm32_async_tx_abort
                0x0800b546       0x6a zephyr/drivers/serial/libdrivers__serial.a(uart_stm32.c.obj)
 .text.uart_stm32_async_tx_timeout
                0x0800b5b0        0xa zephyr/drivers/serial/libdrivers__serial.a(uart_stm32.c.obj)
 .text.uart_stm32_async_rx_disable
                0x0800b5ba       0xca zephyr/drivers/serial/libdrivers__serial.a(uart_stm32.c.obj)
 .text.uart_stm32_async_rx_timeout
                0x0800b684       0x42 zephyr/drivers/serial/libdrivers__serial.a(uart_stm32.c.obj)
 .text.uart_stm32_poll_in
                0x0800b6c6       0x22 zephyr/drivers/serial/libdrivers__serial.a(uart_stm32.c.obj)
 .text.uart_stm32_poll_out
                0x0800b6e8       0x36 zephyr/drivers/serial/libdrivers__serial.a(uart_stm32.c.obj)
 .text.uart_stm32_config_get
                0x0800b71e       0x8e zephyr/drivers/serial/libdrivers__serial.a(uart_stm32.c.obj)
 .text.uart_stm32_dma_tx_cb
                0x0800b7ac       0x5c zephyr/drivers/serial/libdrivers__serial.a(uart_stm32.c.obj)
                0x0800b7ac                uart_stm32_dma_tx_cb
 .text.LL_DMA_StructInit
                0x0800b808       0x22 modules/hal_stm32/stm32cube/lib..__modules__hal__stm32__stm32cube.a(stm32f4xx_ll_dma.c.obj)
                0x0800b808                LL_DMA_StructInit
 .text.z_impl_k_busy_wait
                0x0800b82a       0x1c zephyr/kernel/libkernel.a(busy_wait.c.obj)
                0x0800b82a                z_impl_k_busy_wait
 .text.z_impl_device_is_ready
                0x0800b846       0x16 zephyr/kernel/libkernel.a(device.c.obj)
                0x0800b846                z_impl_device_is_ready
 .text.z_log_msg_runtime_create.constprop.0
                0x0800b85c       0x20 zephyr/kernel/libkernel.a(fatal.c.obj)
 .text.arch_system_halt
                0x0800b87c       0x10 zephyr/kernel/libkernel.a(fatal.c.obj)
                0x0800b87c                arch_system_halt
 .text.z_impl_k_msgq_put
                0x0800b88c        0xe zephyr/kernel/libkernel.a(msg_q.c.obj)
                0x0800b88c                z_impl_k_msgq_put
 .text.adjust_owner_prio.isra.0
                0x0800b89a       0x10 zephyr/kernel/libkernel.a(mutex.c.obj)
 .text.flag_test_and_clear
                0x0800b8aa       0x16 zephyr/kernel/libkernel.a(work.c.obj)
 .text.notify_queue_locked.isra.0
                0x0800b8c0        0xe zephyr/kernel/libkernel.a(work.c.obj)
 .text.cancel_async_locked
                0x0800b8ce       0x66 zephyr/kernel/libkernel.a(work.c.obj)
 .text.k_is_in_isr
                0x0800b934        0xc zephyr/kernel/libkernel.a(thread.c.obj)
                0x0800b934                k_is_in_isr
 .text.z_impl_k_thread_name_set
                0x0800b940        0x6 zephyr/kernel/libkernel.a(thread.c.obj)
                0x0800b940                z_impl_k_thread_name_set
 .text.k_thread_name_get
                0x0800b946        0x4 zephyr/kernel/libkernel.a(thread.c.obj)
                0x0800b946                k_thread_name_get
 .text.sys_dlist_remove
                0x0800b94a       0x10 zephyr/kernel/libkernel.a(sched.c.obj)
 .text.add_to_waitq_locked
                0x0800b95a       0x4c zephyr/kernel/libkernel.a(sched.c.obj)
 .text.z_sched_ready_locked
                0x0800b9a6        0x4 zephyr/kernel/libkernel.a(sched.c.obj)
                0x0800b9a6                z_sched_ready_locked
 .text.z_sched_unready_locked
                0x0800b9aa        0x4 zephyr/kernel/libkernel.a(sched.c.obj)
                0x0800b9aa                z_sched_unready_locked
 .text.z_sched_wake_thread_locked
                0x0800b9ae       0x28 zephyr/kernel/libkernel.a(sched.c.obj)
                0x0800b9ae                z_sched_wake_thread_locked
 .text.z_reschedule
                0x0800b9d6        0x4 zephyr/kernel/libkernel.a(sched.c.obj)
                0x0800b9d6                z_reschedule
 .text.next_timeout
                0x0800b9da       0x2e zephyr/kernel/libkernel.a(timeout.c.obj)
 .text.sys_clock_is_locked
                0x0800ba08        0xc zephyr/kernel/libkernel.a(timeout.c.obj)
                0x0800ba08                sys_clock_is_locked
 .text.sys_clock_tick_get_32
                0x0800ba14        0x8 zephyr/kernel/libkernel.a(timeout.c.obj)
                0x0800ba14                sys_clock_tick_get_32
 .text.z_impl_k_uptime_ticks
                0x0800ba1c        0x4 zephyr/kernel/libkernel.a(timeout.c.obj)
                0x0800ba1c                z_impl_k_uptime_ticks
 .text.event_walk_op
                0x0800ba20       0x3e zephyr/kernel/libkernel.a(events.c.obj)
 .text.z_impl_k_event_post
                0x0800ba5e        0x6 zephyr/kernel/libkernel.a(events.c.obj)
                0x0800ba5e                z_impl_k_event_post
 .text.z_impl_k_event_clear
                0x0800ba64        0x8 zephyr/kernel/libkernel.a(events.c.obj)
                0x0800ba64                z_impl_k_event_clear
 .text.z_impl_k_event_wait
                0x0800ba6c        0x6 zephyr/kernel/libkernel.a(events.c.obj)
                0x0800ba6c                z_impl_k_event_wait
 .text.k_heap_init
                0x0800ba72       0x14 zephyr/kernel/libkernel.a(kheap.c.obj)
                0x0800ba72                k_heap_init
 .text.memcpy   0x0800ba86       0x1c C:/Users/hihi/zephyr-sdk-1.0.1/gnu/arm-zephyr-eabi/bin/../lib/gcc/arm-zephyr-eabi/14.3.0/../../../../arm-zephyr-eabi/lib/thumb/v7e-m/nofp/space\libc.a(memcpy.c.o)
                0x0800ba86                __aeabi_memcpy
                0x0800ba86                __aeabi_memcpy4
                0x0800ba86                __aeabi_memcpy8
                0x0800ba86                memcpy
 .text.memset   0x0800baa2       0x10 C:/Users/hihi/zephyr-sdk-1.0.1/gnu/arm-zephyr-eabi/bin/../lib/gcc/arm-zephyr-eabi/14.3.0/../../../../arm-zephyr-eabi/lib/thumb/v7e-m/nofp/space\libc.a(memset.c.o)
                0x0800baa2                memset
 .text.strnlen  0x0800bab2       0x18 C:/Users/hihi/zephyr-sdk-1.0.1/gnu/arm-zephyr-eabi/bin/../lib/gcc/arm-zephyr-eabi/14.3.0/../../../../arm-zephyr-eabi/lib/thumb/v7e-m/nofp/space\libc.a(libc_string_strnlen.c.o)
                0x0800bab2                strnlen
 .text.__ultoa_invert
                0x0800baca       0xae C:/Users/hihi/zephyr-sdk-1.0.1/gnu/arm-zephyr-eabi/bin/../lib/gcc/arm-zephyr-eabi/14.3.0/../../../../arm-zephyr-eabi/lib/thumb/v7e-m/nofp/space\libc.a(libc_tinystdio_vflprintf.c.o)
 *(SORT_BY_ALIGNMENT(.gnu.linkonce.t.*))
 *(SORT_BY_ALIGNMENT(.glue_7t))
 .glue_7t       0x0800bb78        0x0 linker stubs
 *(SORT_BY_ALIGNMENT(.glue_7))
 .glue_7        0x0800bb78        0x0 linker stubs
 *(SORT_BY_ALIGNMENT(.vfp11_veneer))
 .vfp11_veneer  0x0800bb78        0x0 linker stubs
 *(SORT_BY_ALIGNMENT(.v4_bx))
 .v4_bx         0x0800bb78        0x0 linker stubs
                0x0800bb78                        . = ALIGN (0x4)
                0x0800bb78                        __text_region_end = .

.ARM.extab
 *(SORT_BY_ALIGNMENT(.ARM.extab*) SORT_BY_ALIGNMENT(.gnu.linkonce.armextab.*))

.ARM.exidx      0x0800bb78        0x8
                0x0800bb78                        __exidx_start = .
 *(SORT_BY_ALIGNMENT(.ARM.exidx*) SORT_BY_ALIGNMENT(gnu.linkonce.armexidx.*))
 .ARM.exidx     0x0800bb78        0x8 C:/Users/hihi/zephyr-sdk-1.0.1/gnu/arm-zephyr-eabi/bin/../lib/gcc/arm-zephyr-eabi/14.3.0/thumb/v7e-m/nofp/space\libgcc.a(_udivmoddi4.o)
                0x0800bb80                        __exidx_end = .
                0x0800bb80                        __rodata_region_start = .

initlevel       0x0800bb80       0xd0
                0x0800bb80                        __init_start = .
                0x0800bb80                        __init_EARLY_start = .
 *(SORT_BY_NAME(SORT_BY_ALIGNMENT(.z_init_EARLY_P_?_*)))
 *(SORT_BY_NAME(SORT_BY_ALIGNMENT(.z_init_EARLY_P_??_*)))
 *(SORT_BY_NAME(SORT_BY_ALIGNMENT(.z_init_EARLY_P_???_*)))
                0x0800bb80                        __init_PRE_KERNEL_1_start = .
 *(SORT_BY_NAME(SORT_BY_ALIGNMENT(.z_init_PRE_KERNEL_1_P_?_*)))
 .z_init_PRE_KERNEL_1_P_1_SUB_00008_
                0x0800bb80        0x8 zephyr/drivers/clock_control/libdrivers__clock_control.a(clock_stm32_ll_common.c.obj)
 .z_init_PRE_KERNEL_1_P_1_SUB_0_
                0x0800bb88        0x8 zephyr/libzephyr.a(soc_config.c.obj)
 *(SORT_BY_NAME(SORT_BY_ALIGNMENT(.z_init_PRE_KERNEL_1_P_??_*)))
 .z_init_PRE_KERNEL_1_P_30_SUB_0_
                0x0800bb90        0x8 zephyr/kernel/libkernel.a(kheap.c.obj)
 .z_init_PRE_KERNEL_1_P_35_SUB_00052_
                0x0800bb98        0x8 zephyr/drivers/reset/libdrivers__reset.a(reset_stm32.c.obj)
 .z_init_PRE_KERNEL_1_P_40_SUB_00036_
                0x0800bba0        0x8 zephyr/libzephyr.a(gpioport_mgr.c.obj)
 .z_init_PRE_KERNEL_1_P_40_SUB_00037_
                0x0800bba8        0x8 zephyr/libzephyr.a(gpioport_mgr.c.obj)
 .z_init_PRE_KERNEL_1_P_40_SUB_00070_
                0x0800bbb0        0x8 zephyr/drivers/dma/libdrivers__dma.a(dma_stm32.c.obj)
 .z_init_PRE_KERNEL_1_P_40_SUB_00073_
                0x0800bbb8        0x8 zephyr/drivers/interrupt_controller/libdrivers__interrupt_controller.a(intc_exti_stm32.c.obj)
 .z_init_PRE_KERNEL_1_P_40_SUB_00106_
                0x0800bbc0        0x8 zephyr/libzephyr.a(gpioport_mgr.c.obj)
 .z_init_PRE_KERNEL_1_P_40_SUB_00107_
                0x0800bbc8        0x8 zephyr/libzephyr.a(gpioport_mgr.c.obj)
 .z_init_PRE_KERNEL_1_P_40_SUB_00108_
                0x0800bbd0        0x8 zephyr/libzephyr.a(gpioport_mgr.c.obj)
 .z_init_PRE_KERNEL_1_P_40_SUB_00109_
                0x0800bbd8        0x8 zephyr/libzephyr.a(gpioport_mgr.c.obj)
 .z_init_PRE_KERNEL_1_P_40_SUB_00110_
                0x0800bbe0        0x8 zephyr/libzephyr.a(gpioport_mgr.c.obj)
 .z_init_PRE_KERNEL_1_P_40_SUB_00111_
                0x0800bbe8        0x8 zephyr/libzephyr.a(gpioport_mgr.c.obj)
 .z_init_PRE_KERNEL_1_P_40_SUB_00114_
                0x0800bbf0        0x8 zephyr/libzephyr.a(gpioport_mgr.c.obj)
 .z_init_PRE_KERNEL_1_P_40_SUB_0_
                0x0800bbf8        0x8 zephyr/drivers/interrupt_controller/libdrivers__interrupt_controller.a(intc_gpio_stm32.c.obj)
 .z_init_PRE_KERNEL_1_P_50_SUB_00079_
                0x0800bc00        0x8 zephyr/drivers/serial/libdrivers__serial.a(uart_stm32.c.obj)
 .z_init_PRE_KERNEL_1_P_50_SUB_00085_
                0x0800bc08        0x8 zephyr/drivers/serial/libdrivers__serial.a(uart_stm32.c.obj)
 .z_init_PRE_KERNEL_1_P_60_SUB_0_
                0x0800bc10        0x8 zephyr/drivers/console/libdrivers__console.a(uart_console.c.obj)
 *(SORT_BY_NAME(SORT_BY_ALIGNMENT(.z_init_PRE_KERNEL_1_P_???_*)))
                0x0800bc18                        __init_PRE_KERNEL_2_start = .